
Linker Version 8.7.7.211123
Input Object File: c:\users\user\documents\htk_project\qbell_master_mb_v1_2_f9\Output\MAIN.OBJ
Input Object File: c:\users\user\documents\htk_project\qbell_master_mb_v1_2_f9\Output\HAL_ADC.OBJ
Input Object File: c:\users\user\documents\htk_project\qbell_master_mb_v1_2_f9\Output\HAL_UART.OBJ
Input Object File: c:\users\user\documents\htk_project\qbell_master_mb_v1_2_f9\Output\HAL_GPIO.OBJ
Input Object File: c:\users\user\documents\htk_project\qbell_master_mb_v1_2_f9\Output\HAL_I2C.OBJ
Input Object File: c:\users\user\documents\htk_project\qbell_master_mb_v1_2_f9\Output\HAL_KTD.OBJ
Input Object File: c:\users\user\documents\htk_project\qbell_master_mb_v1_2_f9\Output\BC3602.OBJ
Input Object File: c:\users\user\documents\htk_project\qbell_master_mb_v1_2_f9\Output\BCH32.OBJ
Input Object File: c:\users\user\documents\htk_project\qbell_master_mb_v1_2_f9\Output\RF_API.OBJ
Input Object File: c:\users\user\documents\htk_project\qbell_master_mb_v1_2_f9\Output\SPI.OBJ
Input Object File: c:\users\user\documents\htk_project\qbell_master_mb_v1_2_f9\Output\STARTUP1_L.OBJ
Input Object File: c:\users\user\documents\htk_project\qbell_master_mb_v1_2_f9\Output\HAL_RF.OBJ
Input Object File: c:\users\user\documents\htk_project\qbell_master_mb_v1_2_f9\Output\HAL_EEPROM.OBJ
Input Object File: c:\users\user\documents\htk_project\qbell_master_mb_v1_2_f9\Output\APP.OBJ

Input Library File: C:\Program Files\Holtek MCU Development Tools\HT-IDE3000V8.x\LIB\LIBHOLTEKGCC.LIB
Input Library File: C:\Program Files\Holtek MCU Development Tools\HT-IDE3000V8.x\LIB\v3_lmrsc.lib


     Bank    Start     End      Length     Class    AvgIns    Name
     00h     0000h     0000h    0001h      CODE               @code (c:\users\user\documents\htk_project\qbell_master_mb_v1_2_f9\Output\MAIN.OBJ)
     00h     0001h     0002h    0002h      CODE               @crom (c:\users\user\documents\htk_project\qbell_master_mb_v1_2_f9\Output\RF_API.OBJ)
     00h     0003h     0003h    0001h      CODE               _uart_send (c:\users\user\documents\htk_project\qbell_master_mb_v1_2_f9\Output\HAL_UART.OBJ)
     00h     0004h     0007h    0004h      CODE               @INT0_proc_code (c:\users\user\documents\htk_project\qbell_master_mb_v1_2_f9\Output\HAL_GPIO.OBJ)
     00h     0008h     000dh    0006h      CODE               @ROMDATA_BASE (c:\users\user\documents\htk_project\qbell_master_mb_v1_2_f9\Output\STARTUP1_L.OBJ)
     00h     000eh     0014h    0007h      CODE               _main (c:\users\user\documents\htk_project\qbell_master_mb_v1_2_f9\Output\MAIN.OBJ)
     00h     0015h     001ah    0006h      CODE               _lvd_init (c:\users\user\documents\htk_project\qbell_master_mb_v1_2_f9\Output\HAL_ADC.OBJ)
     00h     001bh     001bh    0001h      CODE               _uart_printf (c:\users\user\documents\htk_project\qbell_master_mb_v1_2_f9\Output\HAL_UART.OBJ)
     00h     001ch     001fh    0004h      CODE               @TB0_proc_code (c:\users\user\documents\htk_project\qbell_master_mb_v1_2_f9\Output\HAL_RF.OBJ)
     00h     0020h     0040h    0021h      CODE               @start (c:\users\user\documents\htk_project\qbell_master_mb_v1_2_f9\Output\MAIN.OBJ)
     00h     0041h     0064h    0024h      CODE               @crom (c:\users\user\documents\htk_project\qbell_master_mb_v1_2_f9\Output\HAL_UART.OBJ)
     00h     0065h     00c1h    005dh      CODE               @crom (c:\users\user\documents\htk_project\qbell_master_mb_v1_2_f9\Output\BC3602.OBJ)
     00h     00c2h     017dh    00bch      CODE               @crom (c:\users\user\documents\htk_project\qbell_master_mb_v1_2_f9\Output\HAL_RF.OBJ)
     00h     017eh     01ech    006fh      CODE               @crom (c:\users\user\documents\htk_project\qbell_master_mb_v1_2_f9\Output\APP.OBJ)
     00h     01edh     023eh    0052h      CODE               _adc_selectChannel (c:\users\user\documents\htk_project\qbell_master_mb_v1_2_f9\Output\HAL_ADC.OBJ)
     00h     023fh     0256h    0018h      CODE               _adc_getValue (c:\users\user\documents\htk_project\qbell_master_mb_v1_2_f9\Output\HAL_ADC.OBJ)
     00h     0257h     0269h    0013h      CODE               _adc_init (c:\users\user\documents\htk_project\qbell_master_mb_v1_2_f9\Output\HAL_ADC.OBJ)
     00h     026ah     0271h    0008h      CODE               _lvd_read (c:\users\user\documents\htk_project\qbell_master_mb_v1_2_f9\Output\HAL_ADC.OBJ)
     00h     0272h     028ah    0019h      CODE               _rgb_led_ctrl (c:\users\user\documents\htk_project\qbell_master_mb_v1_2_f9\Output\HAL_ADC.OBJ)
     00h     028bh     02a8h    001eh      CODE               _rgb_mode (c:\users\user\documents\htk_project\qbell_master_mb_v1_2_f9\Output\HAL_ADC.OBJ)
     00h     02a9h     0351h    00a9h      CODE               _itoa (c:\users\user\documents\htk_project\qbell_master_mb_v1_2_f9\Output\HAL_UART.OBJ)
     00h     0352h     0358h    0007h      CODE               _uart_int_init (c:\users\user\documents\htk_project\qbell_master_mb_v1_2_f9\Output\HAL_UART.OBJ)
     00h     0359h     0366h    000eh      CODE               _uart_prot_init (c:\users\user\documents\htk_project\qbell_master_mb_v1_2_f9\Output\HAL_UART.OBJ)
     00h     0367h     036ch    0006h      CODE               _uart_receive (c:\users\user\documents\htk_project\qbell_master_mb_v1_2_f9\Output\HAL_UART.OBJ)
     00h     036dh     036dh    0001h      CODE               _uart_int (c:\users\user\documents\htk_project\qbell_master_mb_v1_2_f9\Output\HAL_UART.OBJ)
     00h     036eh     036fh    0002h      CODE               _uart_enable (c:\users\user\documents\htk_project\qbell_master_mb_v1_2_f9\Output\HAL_UART.OBJ)
     00h     0370h     037bh    000ch      CODE               _uart_disable (c:\users\user\documents\htk_project\qbell_master_mb_v1_2_f9\Output\HAL_UART.OBJ)
     00h     037ch     0383h    0008h      CODE               _buzzer_ctrl (c:\users\user\documents\htk_project\qbell_master_mb_v1_2_f9\Output\HAL_GPIO.OBJ)
     00h     0384h     038bh    0008h      CODE               _motor_ctrl (c:\users\user\documents\htk_project\qbell_master_mb_v1_2_f9\Output\HAL_GPIO.OBJ)
     00h     038ch     038fh    0004h      CODE               _led_clear (c:\users\user\documents\htk_project\qbell_master_mb_v1_2_f9\Output\HAL_GPIO.OBJ)
     00h     0390h     03a7h    0018h      CODE               _gpio_init (c:\users\user\documents\htk_project\qbell_master_mb_v1_2_f9\Output\HAL_GPIO.OBJ)
     00h     03a8h     03b2h    000bh      CODE               _int_init (c:\users\user\documents\htk_project\qbell_master_mb_v1_2_f9\Output\HAL_GPIO.OBJ)
     00h     03b3h     03b8h    0006h      CODE               _INT0_proc (c:\users\user\documents\htk_project\qbell_master_mb_v1_2_f9\Output\HAL_GPIO.OBJ)
     00h     03b9h     03bch    0004h      CODE               _IIC_Init (c:\users\user\documents\htk_project\qbell_master_mb_v1_2_f9\Output\HAL_I2C.OBJ)
     00h     03bdh     03cch    0010h      CODE               _IIC_Start (c:\users\user\documents\htk_project\qbell_master_mb_v1_2_f9\Output\HAL_I2C.OBJ)
     00h     03cdh     03d9h    000dh      CODE               _IIC_Stop (c:\users\user\documents\htk_project\qbell_master_mb_v1_2_f9\Output\HAL_I2C.OBJ)
     00h     03dah     03ffh    0026h      CODE               _Wr_Byte (c:\users\user\documents\htk_project\qbell_master_mb_v1_2_f9\Output\HAL_I2C.OBJ)
     00h     0400h     041bh    001ch      CODE               _Rd_Byte (c:\users\user\documents\htk_project\qbell_master_mb_v1_2_f9\Output\HAL_I2C.OBJ)
     00h     041ch     0432h    0017h      CODE               _checkAck (c:\users\user\documents\htk_project\qbell_master_mb_v1_2_f9\Output\HAL_I2C.OBJ)
     00h     0433h     0448h    0016h      CODE               _WriteI2C_Int (c:\users\user\documents\htk_project\qbell_master_mb_v1_2_f9\Output\HAL_I2C.OBJ)
     00h     0449h     0464h    001ch      CODE               _ktd_en (c:\users\user\documents\htk_project\qbell_master_mb_v1_2_f9\Output\HAL_KTD.OBJ)
     00h     0465h     0476h    0012h      CODE               _ktd_ctrl (c:\users\user\documents\htk_project\qbell_master_mb_v1_2_f9\Output\HAL_KTD.OBJ)
     00h     0477h     04e3h    006dh      CODE               _ktd_clear (c:\users\user\documents\htk_project\qbell_master_mb_v1_2_f9\Output\HAL_KTD.OBJ)
     00h     04e4h     0563h    0080h      CODE               _ktd_rgb_ctrl (c:\users\user\documents\htk_project\qbell_master_mb_v1_2_f9\Output\HAL_KTD.OBJ)
     00h     0564h     05ech    0089h      CODE               _ktd_ring (c:\users\user\documents\htk_project\qbell_master_mb_v1_2_f9\Output\HAL_KTD.OBJ)
     00h     05edh     068bh    009fh      CODE               _ktd_clockwise_ring (c:\users\user\documents\htk_project\qbell_master_mb_v1_2_f9\Output\HAL_KTD.OBJ)
     00h     068ch     072ah    009fh      CODE               _ktd_anticlockwise_ring (c:\users\user\documents\htk_project\qbell_master_mb_v1_2_f9\Output\HAL_KTD.OBJ)
     00h     072bh     07beh    0094h      CODE               _ktd_clockwise_ring_p1 (c:\users\user\documents\htk_project\qbell_master_mb_v1_2_f9\Output\HAL_KTD.OBJ)
     00h     07bfh     0852h    0094h      CODE               _ktd_anticlockwise_ring_p1 (c:\users\user\documents\htk_project\qbell_master_mb_v1_2_f9\Output\HAL_KTD.OBJ)
     00h     0853h     0867h    0015h      CODE               _ktd_breath (c:\users\user\documents\htk_project\qbell_master_mb_v1_2_f9\Output\HAL_KTD.OBJ)
     00h     0868h     0898h    0031h      CODE               _ktd_breath_battery (c:\users\user\documents\htk_project\qbell_master_mb_v1_2_f9\Output\HAL_KTD.OBJ)
     00h     0899h     08a3h    000bh      CODE               _SpiWriteRegCMD (c:\users\user\documents\htk_project\qbell_master_mb_v1_2_f9\Output\BC3602.OBJ)
     00h     08a4h     08a9h    0006h      CODE               _SpiWriteStrobeCMD (c:\users\user\documents\htk_project\qbell_master_mb_v1_2_f9\Output\BC3602.OBJ)
     00h     08aah     08b5h    000ch      CODE               _SpiReadRegCMD (c:\users\user\documents\htk_project\qbell_master_mb_v1_2_f9\Output\BC3602.OBJ)
     00h     08b6h     08cah    0015h      CODE               _RFWriteBuf (c:\users\user\documents\htk_project\qbell_master_mb_v1_2_f9\Output\BC3602.OBJ)
     00h     08cbh     08e6h    001ch      CODE               _RFWriteBuf2 (c:\users\user\documents\htk_project\qbell_master_mb_v1_2_f9\Output\BC3602.OBJ)
     00h     08e7h     0901h    001bh      CODE               _RFReadBuf (c:\users\user\documents\htk_project\qbell_master_mb_v1_2_f9\Output\BC3602.OBJ)
     00h     0902h     091fh    001eh      CODE               _RFReadBuf2 (c:\users\user\documents\htk_project\qbell_master_mb_v1_2_f9\Output\BC3602.OBJ)
     00h     0920h     093ah    001bh      CODE               _WriteFIFO (c:\users\user\documents\htk_project\qbell_master_mb_v1_2_f9\Output\BC3602.OBJ)
     00h     093bh     0957h    001dh      CODE               _ReadFIFO (c:\users\user\documents\htk_project\qbell_master_mb_v1_2_f9\Output\BC3602.OBJ)
     00h     0958h     0960h    0009h      CODE               _RFEnATR (c:\users\user\documents\htk_project\qbell_master_mb_v1_2_f9\Output\BC3602.OBJ)
     00h     0961h     0969h    0009h      CODE               _RFDisATR (c:\users\user\documents\htk_project\qbell_master_mb_v1_2_f9\Output\BC3602.OBJ)
     00h     096ah     096fh    0006h      CODE               _RFXtalReady (c:\users\user\documents\htk_project\qbell_master_mb_v1_2_f9\Output\BC3602.OBJ)
     00h     0970h     0982h    0013h      CODE               _ResetLvRF (c:\users\user\documents\htk_project\qbell_master_mb_v1_2_f9\Output\BC3602.OBJ)
     00h     0983h     0a11h    008fh      CODE               _BC3602_Config (c:\users\user\documents\htk_project\qbell_master_mb_v1_2_f9\Output\BC3602.OBJ)
     00h     0a12h     0a22h    0011h      CODE               _RFWriteSyncword (c:\users\user\documents\htk_project\qbell_master_mb_v1_2_f9\Output\BC3602.OBJ)
     00h     0a23h     0a23h    0001h      CODE               _RFReadSyncword (c:\users\user\documents\htk_project\qbell_master_mb_v1_2_f9\Output\BC3602.OBJ)
     00h     0a24h     0a6ch    0049h      CODE               _RFSetDRPram (c:\users\user\documents\htk_project\qbell_master_mb_v1_2_f9\Output\BC3602.OBJ)
     00h     0a6dh     0a91h    0025h      CODE               _RFWriteFreqTABLE (c:\users\user\documents\htk_project\qbell_master_mb_v1_2_f9\Output\BC3602.OBJ)
     00h     0a92h     0abfh    002eh      CODE               _RFWriteFreq (c:\users\user\documents\htk_project\qbell_master_mb_v1_2_f9\Output\BC3602.OBJ)
     00h     0ac0h     0addh    001eh      CODE               _RFSetPower (c:\users\user\documents\htk_project\qbell_master_mb_v1_2_f9\Output\BC3602.OBJ)
     00h     0adeh     0aebh    000eh      CODE               _RFCalibration (c:\users\user\documents\htk_project\qbell_master_mb_v1_2_f9\Output\BC3602.OBJ)
     00h     0aech     0af3h    0008h      CODE               _RFGetClrRFIrq (c:\users\user\documents\htk_project\qbell_master_mb_v1_2_f9\Output\BC3602.OBJ)
     00h     0af4h     0af6h    0003h      CODE               _ResetTXFIFO (c:\users\user\documents\htk_project\qbell_master_mb_v1_2_f9\Output\BC3602.OBJ)
     00h     0af7h     0af9h    0003h      CODE               _ResetRXFIFO (c:\users\user\documents\htk_project\qbell_master_mb_v1_2_f9\Output\BC3602.OBJ)
     00h     0afah     0afch    0003h      CODE               _EntryLightSleep (c:\users\user\documents\htk_project\qbell_master_mb_v1_2_f9\Output\BC3602.OBJ)
     00h     0afdh     0affh    0003h      CODE               _EntryDeepSleep (c:\users\user\documents\htk_project\qbell_master_mb_v1_2_f9\Output\BC3602.OBJ)
     00h     0b00h     0b02h    0003h      CODE               _EntryIdleMode (c:\users\user\documents\htk_project\qbell_master_mb_v1_2_f9\Output\BC3602.OBJ)
     00h     0b03h     0b10h    000eh      CODE               _LircCalibration (c:\users\user\documents\htk_project\qbell_master_mb_v1_2_f9\Output\BC3602.OBJ)
     00h     0b11h     0b28h    0018h      CODE               _RF_Init (c:\users\user\documents\htk_project\qbell_master_mb_v1_2_f9\Output\BC3602.OBJ)
     00h     0b29h     0b4dh    0025h      CODE               _RF_TxCarrier (c:\users\user\documents\htk_project\qbell_master_mb_v1_2_f9\Output\BC3602.OBJ)
     00h     0b4eh     0b7dh    0030h      CODE               _RF_RxBER (c:\users\user\documents\htk_project\qbell_master_mb_v1_2_f9\Output\BC3602.OBJ)
     00h     0b7eh     0b95h    0018h      CODE               _RF_WriteFreq (c:\users\user\documents\htk_project\qbell_master_mb_v1_2_f9\Output\BC3602.OBJ)
     00h     0b96h     0b9eh    0009h      CODE               _RF_SetSniffPrm (c:\users\user\documents\htk_project\qbell_master_mb_v1_2_f9\Output\BC3602.OBJ)
     00h     0b9fh     0ba7h    0009h      CODE               _RF_SetAddr (c:\users\user\documents\htk_project\qbell_master_mb_v1_2_f9\Output\BC3602.OBJ)
     00h     0ba8h     0bb5h    000eh      CODE               _RF_EntryRxMode (c:\users\user\documents\htk_project\qbell_master_mb_v1_2_f9\Output\BC3602.OBJ)
     00h     0bb6h     0bc8h    0013h      CODE               _RF_EntrySniffMode (c:\users\user\documents\htk_project\qbell_master_mb_v1_2_f9\Output\BC3602.OBJ)
     00h     0bc9h     0bd9h    0011h      CODE               _RF_EntryWOT_Mode (c:\users\user\documents\htk_project\qbell_master_mb_v1_2_f9\Output\BC3602.OBJ)
     00h     0bdah     0beeh    0015h      CODE               _RF_SendData (c:\users\user\documents\htk_project\qbell_master_mb_v1_2_f9\Output\BC3602.OBJ)
     00h     0befh     0bf4h    0006h      CODE               _RF_ResendData (c:\users\user\documents\htk_project\qbell_master_mb_v1_2_f9\Output\BC3602.OBJ)
     00h     0bf5h     0bfeh    000ah      CODE               _RF_ReadRxData (c:\users\user\documents\htk_project\qbell_master_mb_v1_2_f9\Output\BC3602.OBJ)
     00h     0bffh     0c03h    0005h      CODE               _RFReadRssi (c:\users\user\documents\htk_project\qbell_master_mb_v1_2_f9\Output\BC3602.OBJ)
     00h     0c04h     0c16h    0013h      CODE               _Extend_FIFO_Enable (c:\users\user\documents\htk_project\qbell_master_mb_v1_2_f9\Output\BC3602.OBJ)
     00h     0c17h     0c27h    0011h      CODE               _Extend_FIFO_Disable (c:\users\user\documents\htk_project\qbell_master_mb_v1_2_f9\Output\BC3602.OBJ)
     00h     0c28h     0c38h    0011h      CODE               _RFEnARK (c:\users\user\documents\htk_project\qbell_master_mb_v1_2_f9\Output\BC3602.OBJ)
     00h     0c39h     0c41h    0009h      CODE               _RFDisARK (c:\users\user\documents\htk_project\qbell_master_mb_v1_2_f9\Output\BC3602.OBJ)
     00h     0c42h     0c87h    0046h      CODE               _CRC16_CCITT_FALSE (c:\users\user\documents\htk_project\qbell_master_mb_v1_2_f9\Output\BC3602.OBJ)
     00h     0c88h     0cc6h    003fh      CODE               _RF_Parameter_loading (c:\users\user\documents\htk_project\qbell_master_mb_v1_2_f9\Output\RF_API.OBJ)
     00h     0cc7h     0dc9h    0103h      CODE               _ExtendFIFO_TX_Process (c:\users\user\documents\htk_project\qbell_master_mb_v1_2_f9\Output\RF_API.OBJ)
     00h     0dcah     0f35h    016ch      CODE               _ExtendFIFO_RX_Process (c:\users\user\documents\htk_project\qbell_master_mb_v1_2_f9\Output\RF_API.OBJ)
     00h     0f36h     0f45h    0010h      CODE               _SpiIOInti (c:\users\user\documents\htk_project\qbell_master_mb_v1_2_f9\Output\SPI.OBJ)
     00h     0f46h     0f47h    0002h      CODE               _SpiCSN_low (c:\users\user\documents\htk_project\qbell_master_mb_v1_2_f9\Output\SPI.OBJ)
     00h     0f48h     0f49h    0002h      CODE               _SpiCSN_high (c:\users\user\documents\htk_project\qbell_master_mb_v1_2_f9\Output\SPI.OBJ)
     00h     0f4ah     0f54h    000bh      CODE               _SpiRead (c:\users\user\documents\htk_project\qbell_master_mb_v1_2_f9\Output\SPI.OBJ)
     00h     0f55h     0f5eh    000ah      CODE               _SpiWrite (c:\users\user\documents\htk_project\qbell_master_mb_v1_2_f9\Output\SPI.OBJ)
     00h     0f5fh     0f71h    0013h      CODE               _fun_RamInit (c:\users\user\documents\htk_project\qbell_master_mb_v1_2_f9\Output\HAL_RF.OBJ)
     00h     0f72h     0f8ch    001bh      CODE               _Sys_init (c:\users\user\documents\htk_project\qbell_master_mb_v1_2_f9\Output\HAL_RF.OBJ)
     00h     0f8dh     0f92h    0006h      CODE               _RF_Process_Init (c:\users\user\documents\htk_project\qbell_master_mb_v1_2_f9\Output\HAL_RF.OBJ)
     00h     0f93h     0f9ah    0008h      CODE               _TB0_proc (c:\users\user\documents\htk_project\qbell_master_mb_v1_2_f9\Output\HAL_RF.OBJ)
     00h     0f9bh     106ah    00d0h      CODE               _RF_Finished_Process (c:\users\user\documents\htk_project\qbell_master_mb_v1_2_f9\Output\HAL_RF.OBJ)
     00h     106bh     109ah    0030h      CODE               _DATA_Process (c:\users\user\documents\htk_project\qbell_master_mb_v1_2_f9\Output\HAL_RF.OBJ)
     00h     109bh     10fch    0062h      CODE               _KEY_Process (c:\users\user\documents\htk_project\qbell_master_mb_v1_2_f9\Output\HAL_RF.OBJ)
     00h     10fdh     1113h    0017h      CODE               _System_deepsleep (c:\users\user\documents\htk_project\qbell_master_mb_v1_2_f9\Output\HAL_RF.OBJ)
     00h     1114h     1117h    0004h      CODE               _eeprom_init (c:\users\user\documents\htk_project\qbell_master_mb_v1_2_f9\Output\HAL_EEPROM.OBJ)
     00h     1118h     112eh    0017h      CODE               _eeprom_write (c:\users\user\documents\htk_project\qbell_master_mb_v1_2_f9\Output\HAL_EEPROM.OBJ)
     00h     112fh     114ah    001ch      CODE               _eeprom_read (c:\users\user\documents\htk_project\qbell_master_mb_v1_2_f9\Output\HAL_EEPROM.OBJ)
     00h     114bh     1164h    001ah      CODE               _eepromP1Write (c:\users\user\documents\htk_project\qbell_master_mb_v1_2_f9\Output\HAL_EEPROM.OBJ)
     00h     1165h     1177h    0013h      CODE               _eepromP1Read (c:\users\user\documents\htk_project\qbell_master_mb_v1_2_f9\Output\HAL_EEPROM.OBJ)
     00h     1178h     117dh    0006h      CODE               _eepromPstatusCheck (c:\users\user\documents\htk_project\qbell_master_mb_v1_2_f9\Output\HAL_EEPROM.OBJ)
     00h     117eh     1183h    0006h      CODE               _eepromPstatusWrite (c:\users\user\documents\htk_project\qbell_master_mb_v1_2_f9\Output\HAL_EEPROM.OBJ)
     00h     1184h     118eh    000bh      CODE               _eepromUnpairDevice (c:\users\user\documents\htk_project\qbell_master_mb_v1_2_f9\Output\HAL_EEPROM.OBJ)
     00h     118fh     11a4h    0016h      CODE               _delay (c:\users\user\documents\htk_project\qbell_master_mb_v1_2_f9\Output\APP.OBJ)
     00h     11a5h     11cdh    0029h      CODE               _sw0_status_check (c:\users\user\documents\htk_project\qbell_master_mb_v1_2_f9\Output\APP.OBJ)
     00h     11ceh     1224h    0057h      CODE               _sysInit (c:\users\user\documents\htk_project\qbell_master_mb_v1_2_f9\Output\APP.OBJ)
     00h     1225h     1282h    005eh      CODE               _app_eeprom_check (c:\users\user\documents\htk_project\qbell_master_mb_v1_2_f9\Output\APP.OBJ)
     00h     1283h     1392h    0110h      CODE               _app (c:\users\user\documents\htk_project\qbell_master_mb_v1_2_f9\Output\APP.OBJ)
     00h     1393h     13c9h    0037h      CODE               _builtin_holtek_divmodhi4_isr00 (C:\Program Files\Holtek MCU Development Tools\HT-IDE3000V8.x\LIB\LIBHOLTEKGCC.LIB)
     00h     13cah     13dch    0013h      CODE               _builtin_holtek_mulhi3_isr00 (C:\Program Files\Holtek MCU Development Tools\HT-IDE3000V8.x\LIB\LIBHOLTEKGCC.LIB)
     00h     13ddh     13e6h    000ah      CODE               __DELAYX (C:\Program Files\Holtek MCU Development Tools\HT-IDE3000V8.x\LIB\LIBHOLTEKGCC.LIB)
     00h     13e7h     13f6h    0010h      CODE               _CROM2PROM (CROM2PROM)
     00h     0080h     0080h    0001h      DATA     222       @data_ra (C:\Program Files\Holtek MCU Development Tools\HT-IDE3000V8.x\LIB\LIBHOLTEKGCC.LIB)
     00h     0081h     0081h    0001h      DATA     139       @data_rb (C:\Program Files\Holtek MCU Development Tools\HT-IDE3000V8.x\LIB\LIBHOLTEKGCC.LIB)
     00h     0082h     0082h    0001h      DATA     133       @data_rc (C:\Program Files\Holtek MCU Development Tools\HT-IDE3000V8.x\LIB\LIBHOLTEKGCC.LIB)
     00h     0083h     0083h    0001h      DATA     49        @data_rd (C:\Program Files\Holtek MCU Development Tools\HT-IDE3000V8.x\LIB\LIBHOLTEKGCC.LIB)
     00h     0084h     0084h    0001h      DATA     37        @data_re (C:\Program Files\Holtek MCU Development Tools\HT-IDE3000V8.x\LIB\LIBHOLTEKGCC.LIB)
     00h     0085h     0085h    0001h      DATA     8         @data_rf (C:\Program Files\Holtek MCU Development Tools\HT-IDE3000V8.x\LIB\LIBHOLTEKGCC.LIB)
     00h     0086h     0086h    0001h      DATA     4         @data_rg (C:\Program Files\Holtek MCU Development Tools\HT-IDE3000V8.x\LIB\LIBHOLTEKGCC.LIB)
     00h     0087h     0087h    0001h      DATA     3         @data_rh (C:\Program Files\Holtek MCU Development Tools\HT-IDE3000V8.x\LIB\LIBHOLTEKGCC.LIB)
     00h     0088h     0088h    0001h      DATA     2         @data_r104 (isr:ra~rh)
     00h     0089h     0089h    0001h      DATA     2         @data_r204 (isr:ra~rh)
     00h     008ah     008ah    0001h      DATA     2         @data_r11c (isr:ra~rh)
     00h     008bh     008bh    0001h      DATA     2         @data_r21c (isr:ra~rh)
     00h     00adh     00adh    0001h      DATA     2         @HCCINIT_DeviceACK_Flag (c:\users\user\documents\htk_project\qbell_master_mb_v1_2_f9\Output\HAL_I2C.OBJ)
     00h     00aeh     00aeh    0001h      DATA     2         @HCCINIT_ExtTxLength (c:\users\user\documents\htk_project\qbell_master_mb_v1_2_f9\Output\BC3602.OBJ)
     00h     00afh     00afh    0001h      DATA     1         @HCCINIT_Fg_I2c_WrRd (c:\users\user\documents\htk_project\qbell_master_mb_v1_2_f9\Output\HAL_I2C.OBJ)
     00h     00b0h     00b0h    0001h      DATA     1         @HCCINIT_DeviceACK_CMD_Flag (c:\users\user\documents\htk_project\qbell_master_mb_v1_2_f9\Output\HAL_I2C.OBJ)
     00h     00b1h     00b1h    0001h      DATA     0         @HCCINIT_u16_I2cError_Cnt (c:\users\user\documents\htk_project\qbell_master_mb_v1_2_f9\Output\HAL_I2C.OBJ)
     00h     00b2h     00b2h    0001h      DATA     2         @HCCINIT0_ExtRxLength (c:\users\user\documents\htk_project\qbell_master_mb_v1_2_f9\Output\BC3602.OBJ)
     00h     00b3h     00cbh    0019h      DATA     1.4       @HCCINIT0_BC3602_T (c:\users\user\documents\htk_project\qbell_master_mb_v1_2_f9\Output\RF_API.OBJ)
     00h     00cch     00ebh    0020h      DATA     1.25      @HCCINIT0_intF (c:\users\user\documents\htk_project\qbell_master_mb_v1_2_f9\Output\HAL_GPIO.OBJ)
     00h     00ech     00efh    0004h      DATA     1         @HCCINIT0_mRFSync (c:\users\user\documents\htk_project\qbell_master_mb_v1_2_f9\Output\BC3602.OBJ)
     00h     00f0h     00f8h    0009h      DATA     0.2222    @HCCINIT0_Mflag (c:\users\user\documents\htk_project\qbell_master_mb_v1_2_f9\Output\HAL_RF.OBJ)
     00h     00f9h     00fah    0002h      DATA     0         @HCCINIT0_temPtr (c:\users\user\documents\htk_project\qbell_master_mb_v1_2_f9\Output\HAL_UART.OBJ)
     00h     00fbh     00fbh    0001h      DATA     0         @HCCINIT0_ReceiveData (c:\users\user\documents\htk_project\qbell_master_mb_v1_2_f9\Output\HAL_UART.OBJ)
     00h     00fch     00fch    0001h      DATA     0         @HCCINIT0_u8_IIC_Count (c:\users\user\documents\htk_project\qbell_master_mb_v1_2_f9\Output\HAL_I2C.OBJ)
     00h     00fdh     00fdh    0001h      DATA     0         @HCCINIT0_u8_I2c_WrRd_1ms (c:\users\user\documents\htk_project\qbell_master_mb_v1_2_f9\Output\HAL_I2C.OBJ)
     00h     00feh     00feh    0001h      DATA     0         @HCCINIT0_Rx_Buff (c:\users\user\documents\htk_project\qbell_master_mb_v1_2_f9\Output\HAL_I2C.OBJ)
     00h     00ffh     00ffh    0001h      DATA     0         @HCCINIT0_RF_IRQ (c:\users\user\documents\htk_project\qbell_master_mb_v1_2_f9\Output\BC3602.OBJ)
     01h     0080h     00dfh    0060h      DATA     0.0625    @HCCINIT0_RF_TXFIFO (c:\users\user\documents\htk_project\qbell_master_mb_v1_2_f9\Output\BC3602.OBJ)
     01h     00e0h     00e3h    0004h      DATA     0         @HCCINIT0_syncword (c:\users\user\documents\htk_project\qbell_master_mb_v1_2_f9\Output\RF_API.OBJ)
     01h     00e4h     00e5h    0002h      DATA     0         @HCCINIT0_Resent_Count (c:\users\user\documents\htk_project\qbell_master_mb_v1_2_f9\Output\RF_API.OBJ)
     02h     0080h     00dfh    0060h      DATA     0.0416    @HCCINIT0_RF_RXFIFO (c:\users\user\documents\htk_project\qbell_master_mb_v1_2_f9\Output\BC3602.OBJ)

     Local Sections

     Bank    Start     End      Length     Class    AvgIns    Name
     00h     00adh     00adh    0000h      LOCAL    0         @dummy (c:\users\user\documents\htk_project\qbell_master_mb_v1_2_f9\Output\MAIN.OBJ)
     00h     00adh     00adh    0000h      LOCAL    0         _main (c:\users\user\documents\htk_project\qbell_master_mb_v1_2_f9\Output\MAIN.OBJ)
     00h     008ch     008ch    0000h      LOCAL    0         _Sys_init (c:\users\user\documents\htk_project\qbell_master_mb_v1_2_f9\Output\HAL_RF.OBJ)
     00h     008ch     008ch    0000h      LOCAL    0         _fun_RamInit (c:\users\user\documents\htk_project\qbell_master_mb_v1_2_f9\Output\HAL_RF.OBJ)
     00h     00ach     00ach    0000h      LOCAL    0         _sysInit (c:\users\user\documents\htk_project\qbell_master_mb_v1_2_f9\Output\APP.OBJ)
     00h     008ch     008dh    0002h      LOCAL    27        _delay (c:\users\user\documents\htk_project\qbell_master_mb_v1_2_f9\Output\APP.OBJ)
     00h     008eh     008eh    0000h      LOCAL    0         _adc_init (c:\users\user\documents\htk_project\qbell_master_mb_v1_2_f9\Output\HAL_ADC.OBJ)
     00h     008ch     008ch    0001h      LOCAL    9         _adc_selectChannel (c:\users\user\documents\htk_project\qbell_master_mb_v1_2_f9\Output\HAL_ADC.OBJ)
     00h     008ch     008ch    0000h      LOCAL    0         _lvd_init (c:\users\user\documents\htk_project\qbell_master_mb_v1_2_f9\Output\HAL_ADC.OBJ)
     00h     008ch     008ch    0000h      LOCAL    0         _IIC_Init (c:\users\user\documents\htk_project\qbell_master_mb_v1_2_f9\Output\HAL_I2C.OBJ)
     00h     0094h     0094h    0000h      LOCAL    0         _ktd_en (c:\users\user\documents\htk_project\qbell_master_mb_v1_2_f9\Output\HAL_KTD.OBJ)
     00h     008eh     0093h    0006h      LOCAL    40        _WriteI2C_Int (c:\users\user\documents\htk_project\qbell_master_mb_v1_2_f9\Output\HAL_I2C.OBJ)
     00h     008ch     008ch    0000h      LOCAL    0         _IIC_Start (c:\users\user\documents\htk_project\qbell_master_mb_v1_2_f9\Output\HAL_I2C.OBJ)
     00h     008ch     008ch    0000h      LOCAL    0         __DELAYX (C:\Program Files\Holtek MCU Development Tools\HT-IDE3000V8.x\LIB\LIBHOLTEKGCC.LIB)
     00h     008ch     008dh    0002h      LOCAL    4         _Wr_Byte (c:\users\user\documents\htk_project\qbell_master_mb_v1_2_f9\Output\HAL_I2C.OBJ)
     00h     008ch     008ch    0000h      LOCAL    0         _checkAck (c:\users\user\documents\htk_project\qbell_master_mb_v1_2_f9\Output\HAL_I2C.OBJ)
     00h     008ch     008ch    0000h      LOCAL    0         _IIC_Stop (c:\users\user\documents\htk_project\qbell_master_mb_v1_2_f9\Output\HAL_I2C.OBJ)
     00h     0094h     0094h    0000h      LOCAL    0         _ktd_clear (c:\users\user\documents\htk_project\qbell_master_mb_v1_2_f9\Output\HAL_KTD.OBJ)
     00h     008ch     008ch    0000h      LOCAL    0         _int_init (c:\users\user\documents\htk_project\qbell_master_mb_v1_2_f9\Output\HAL_GPIO.OBJ)
     00h     008ch     008ch    0000h      LOCAL    0         _gpio_init (c:\users\user\documents\htk_project\qbell_master_mb_v1_2_f9\Output\HAL_GPIO.OBJ)
     00h     008ch     008ch    0000h      LOCAL    0         _led_clear (c:\users\user\documents\htk_project\qbell_master_mb_v1_2_f9\Output\HAL_GPIO.OBJ)
     00h     0092h     0092h    0000h      LOCAL    0         _RF_Init (c:\users\user\documents\htk_project\qbell_master_mb_v1_2_f9\Output\BC3602.OBJ)
     00h     008ch     008ch    0000h      LOCAL    0         _SpiIOInti (c:\users\user\documents\htk_project\qbell_master_mb_v1_2_f9\Output\SPI.OBJ)
     00h     008dh     008dh    0001h      LOCAL    2         _SpiWriteStrobeCMD (c:\users\user\documents\htk_project\qbell_master_mb_v1_2_f9\Output\BC3602.OBJ)
     00h     008ch     008ch    0000h      LOCAL    0         _SpiCSN_low (c:\users\user\documents\htk_project\qbell_master_mb_v1_2_f9\Output\SPI.OBJ)
     00h     008ch     008ch    0001h      LOCAL    2         _SpiWrite (c:\users\user\documents\htk_project\qbell_master_mb_v1_2_f9\Output\SPI.OBJ)
     00h     008ch     008ch    0000h      LOCAL    0         _SpiCSN_high (c:\users\user\documents\htk_project\qbell_master_mb_v1_2_f9\Output\SPI.OBJ)
     00h     008fh     008fh    0001h      LOCAL    4         _ResetLvRF (c:\users\user\documents\htk_project\qbell_master_mb_v1_2_f9\Output\BC3602.OBJ)
     00h     008dh     008eh    0002h      LOCAL    2         _SpiReadRegCMD (c:\users\user\documents\htk_project\qbell_master_mb_v1_2_f9\Output\BC3602.OBJ)
     00h     008ch     008ch    0000h      LOCAL    0         _SpiRead (c:\users\user\documents\htk_project\qbell_master_mb_v1_2_f9\Output\SPI.OBJ)
     00h     008dh     008eh    0002h      LOCAL    32        _SpiWriteRegCMD (c:\users\user\documents\htk_project\qbell_master_mb_v1_2_f9\Output\BC3602.OBJ)
     00h     008fh     0090h    0002h      LOCAL    12.5      _BC3602_Config (c:\users\user\documents\htk_project\qbell_master_mb_v1_2_f9\Output\BC3602.OBJ)
     00h     008ch     008ch    0000h      LOCAL    0         _Crom2Prom (CROM2PROM)
     00h     0092h     0092h    0000h      LOCAL    0         _RFWriteSyncword (c:\users\user\documents\htk_project\qbell_master_mb_v1_2_f9\Output\BC3602.OBJ)
     00h     008dh     0091h    0005h      LOCAL    2.4       _RFWriteBuf (c:\users\user\documents\htk_project\qbell_master_mb_v1_2_f9\Output\BC3602.OBJ)
     00h     008fh     0090h    0002h      LOCAL    2.5       _RFWriteFreqTABLE (c:\users\user\documents\htk_project\qbell_master_mb_v1_2_f9\Output\BC3602.OBJ)
     00h     008fh     0090h    0002h      LOCAL    5         _RFSetDRPram (c:\users\user\documents\htk_project\qbell_master_mb_v1_2_f9\Output\BC3602.OBJ)
     00h     008fh     0090h    0002h      LOCAL    1.5       _RFSetPower (c:\users\user\documents\htk_project\qbell_master_mb_v1_2_f9\Output\BC3602.OBJ)
     00h     008fh     008fh    0000h      LOCAL    0         _RFXtalReady (c:\users\user\documents\htk_project\qbell_master_mb_v1_2_f9\Output\BC3602.OBJ)
     00h     008fh     008fh    0000h      LOCAL    0         _RFCalibration (c:\users\user\documents\htk_project\qbell_master_mb_v1_2_f9\Output\BC3602.OBJ)
     00h     008fh     008fh    0000h      LOCAL    0         _LircCalibration (c:\users\user\documents\htk_project\qbell_master_mb_v1_2_f9\Output\BC3602.OBJ)
     00h     008fh     008fh    0001h      LOCAL    2         _RFGetClrRFIrq (c:\users\user\documents\htk_project\qbell_master_mb_v1_2_f9\Output\BC3602.OBJ)
     00h     0093h     0093h    0001h      LOCAL    2         _RF_Parameter_loading (c:\users\user\documents\htk_project\qbell_master_mb_v1_2_f9\Output\RF_API.OBJ)
     00h     008dh     0092h    0006h      LOCAL    4         _RFReadBuf2 (c:\users\user\documents\htk_project\qbell_master_mb_v1_2_f9\Output\BC3602.OBJ)
     00h     00a3h     00abh    0009h      LOCAL    7.5556    _ktd_clockwise_ring_p1 (c:\users\user\documents\htk_project\qbell_master_mb_v1_2_f9\Output\HAL_KTD.OBJ)
     00h     0094h     00a2h    000fh      LOCAL    16.4      _ktd_ring (c:\users\user\documents\htk_project\qbell_master_mb_v1_2_f9\Output\HAL_KTD.OBJ)
     00h     00a3h     00abh    0009h      LOCAL    7.5556    _ktd_anticlockwise_ring_p1 (c:\users\user\documents\htk_project\qbell_master_mb_v1_2_f9\Output\HAL_KTD.OBJ)
     00h     009eh     00a9h    000ch      LOCAL    0.75      _app_eeprom_check (c:\users\user\documents\htk_project\qbell_master_mb_v1_2_f9\Output\APP.OBJ)
     00h     008ch     008dh    0002h      LOCAL    29        _uart_printf (c:\users\user\documents\htk_project\qbell_master_mb_v1_2_f9\Output\HAL_UART.OBJ)
     00h     008eh     008fh    0002h      LOCAL    2         _eeprom_read (c:\users\user\documents\htk_project\qbell_master_mb_v1_2_f9\Output\HAL_EEPROM.OBJ)
     00h     0094h     009dh    000ah      LOCAL    3.7       _itoa (c:\users\user\documents\htk_project\qbell_master_mb_v1_2_f9\Output\HAL_UART.OBJ)
     00h     008ch     0093h    0008h      LOCAL    5.875     _builtin_holtek_divmodhi4_isr00 (C:\Program Files\Holtek MCU Development Tools\HT-IDE3000V8.x\LIB\LIBHOLTEKGCC.LIB)
     00h     008ch     0091h    0006h      LOCAL    3.1667    _builtin_holtek_mulhi3_isr00 (C:\Program Files\Holtek MCU Development Tools\HT-IDE3000V8.x\LIB\LIBHOLTEKGCC.LIB)
     00h     0090h     0090h    0000h      LOCAL    0         _eepromPstatusCheck (c:\users\user\documents\htk_project\qbell_master_mb_v1_2_f9\Output\HAL_EEPROM.OBJ)
     00h     008ch     008ch    0001h      LOCAL    0         _uart_send (c:\users\user\documents\htk_project\qbell_master_mb_v1_2_f9\Output\HAL_UART.OBJ)
     00h     0090h     0091h    0002h      LOCAL    3         _eepromP1Read (c:\users\user\documents\htk_project\qbell_master_mb_v1_2_f9\Output\HAL_EEPROM.OBJ)
     00h     00ach     00ach    0001h      LOCAL    10        _app (c:\users\user\documents\htk_project\qbell_master_mb_v1_2_f9\Output\APP.OBJ)
     00h     008eh     008eh    0000h      LOCAL    0         _sw0_status_check (c:\users\user\documents\htk_project\qbell_master_mb_v1_2_f9\Output\APP.OBJ)
     00h     008fh     008fh    0001h      LOCAL    0         _rgb_mode (c:\users\user\documents\htk_project\qbell_master_mb_v1_2_f9\Output\HAL_ADC.OBJ)
     00h     008ch     008eh    0003h      LOCAL    3         _rgb_led_ctrl (c:\users\user\documents\htk_project\qbell_master_mb_v1_2_f9\Output\HAL_ADC.OBJ)
     00h     0094h     0095h    0002h      LOCAL    1.5       _ktd_ctrl (c:\users\user\documents\htk_project\qbell_master_mb_v1_2_f9\Output\HAL_KTD.OBJ)
     00h     0094h     009bh    0008h      LOCAL    2.875     _ktd_rgb_ctrl (c:\users\user\documents\htk_project\qbell_master_mb_v1_2_f9\Output\HAL_KTD.OBJ)
     00h     008ch     008ch    0000h      LOCAL    0         _lvd_read (c:\users\user\documents\htk_project\qbell_master_mb_v1_2_f9\Output\HAL_ADC.OBJ)
     00h     0093h     0095h    0003h      LOCAL    16        _ExtendFIFO_TX_Process (c:\users\user\documents\htk_project\qbell_master_mb_v1_2_f9\Output\RF_API.OBJ)
     00h     008fh     008fh    0000h      LOCAL    0         _Extend_FIFO_Enable (c:\users\user\documents\htk_project\qbell_master_mb_v1_2_f9\Output\BC3602.OBJ)
     00h     008dh     0092h    0006h      LOCAL    5         _RFWriteBuf2 (c:\users\user\documents\htk_project\qbell_master_mb_v1_2_f9\Output\BC3602.OBJ)
     00h     0093h     0095h    0003h      LOCAL    18.667    _ExtendFIFO_RX_Process (c:\users\user\documents\htk_project\qbell_master_mb_v1_2_f9\Output\RF_API.OBJ)
     00h     008eh     008fh    0002h      LOCAL    11        _RF_Finished_Process (c:\users\user\documents\htk_project\qbell_master_mb_v1_2_f9\Output\HAL_RF.OBJ)
     00h     008ch     008ch    0000h      LOCAL    0         _uart_enable (c:\users\user\documents\htk_project\qbell_master_mb_v1_2_f9\Output\HAL_UART.OBJ)
     00h     008ch     008ch    0000h      LOCAL    0         _uart_prot_init (c:\users\user\documents\htk_project\qbell_master_mb_v1_2_f9\Output\HAL_UART.OBJ)
     00h     008ch     008ch    0000h      LOCAL    0         _uart_int_init (c:\users\user\documents\htk_project\qbell_master_mb_v1_2_f9\Output\HAL_UART.OBJ)
     00h     008ch     008ch    0000h      LOCAL    0         @dummy4 (c:\users\user\documents\htk_project\qbell_master_mb_v1_2_f9\Output\HAL_GPIO.OBJ)
     00h     008ch     008ch    0000h      LOCAL    0         _INT0_proc (c:\users\user\documents\htk_project\qbell_master_mb_v1_2_f9\Output\HAL_GPIO.OBJ)
     00h     008ch     008ch    0000h      LOCAL    0         _Rd_Byte (c:\users\user\documents\htk_project\qbell_master_mb_v1_2_f9\Output\HAL_I2C.OBJ)
     00h     00a3h     00abh    0009h      LOCAL    4.2222    _ktd_clockwise_ring (c:\users\user\documents\htk_project\qbell_master_mb_v1_2_f9\Output\HAL_KTD.OBJ)
     00h     00a3h     00abh    0009h      LOCAL    4.2222    _ktd_anticlockwise_ring (c:\users\user\documents\htk_project\qbell_master_mb_v1_2_f9\Output\HAL_KTD.OBJ)
     00h     00a3h     00a3h    0001h      LOCAL    0         _ktd_breath (c:\users\user\documents\htk_project\qbell_master_mb_v1_2_f9\Output\HAL_KTD.OBJ)
     00h     00a3h     00a4h    0002h      LOCAL    0         _ktd_breath_battery (c:\users\user\documents\htk_project\qbell_master_mb_v1_2_f9\Output\HAL_KTD.OBJ)
     00h     008dh     0093h    0007h      LOCAL    1.8571    _RFReadBuf (c:\users\user\documents\htk_project\qbell_master_mb_v1_2_f9\Output\BC3602.OBJ)
     00h     008fh     0092h    0004h      LOCAL    3         _RFWriteFreq (c:\users\user\documents\htk_project\qbell_master_mb_v1_2_f9\Output\BC3602.OBJ)
     00h     008eh     008eh    0000h      LOCAL    0         _ResetTXFIFO (c:\users\user\documents\htk_project\qbell_master_mb_v1_2_f9\Output\BC3602.OBJ)
     00h     008eh     008eh    0000h      LOCAL    0         _ResetRXFIFO (c:\users\user\documents\htk_project\qbell_master_mb_v1_2_f9\Output\BC3602.OBJ)
     00h     008eh     008eh    0000h      LOCAL    0         _EntryLightSleep (c:\users\user\documents\htk_project\qbell_master_mb_v1_2_f9\Output\BC3602.OBJ)
     00h     008eh     008eh    0000h      LOCAL    0         _EntryDeepSleep (c:\users\user\documents\htk_project\qbell_master_mb_v1_2_f9\Output\BC3602.OBJ)
     00h     008eh     008eh    0000h      LOCAL    0         _EntryIdleMode (c:\users\user\documents\htk_project\qbell_master_mb_v1_2_f9\Output\BC3602.OBJ)
     00h     008fh     008fh    0001h      LOCAL    3         _RF_TxCarrier (c:\users\user\documents\htk_project\qbell_master_mb_v1_2_f9\Output\BC3602.OBJ)
     00h     008fh     008fh    0001h      LOCAL    2         _RF_RxBER (c:\users\user\documents\htk_project\qbell_master_mb_v1_2_f9\Output\BC3602.OBJ)
     00h     0093h     0095h    0003h      LOCAL    1.3333    _RF_WriteFreq (c:\users\user\documents\htk_project\qbell_master_mb_v1_2_f9\Output\BC3602.OBJ)
     00h     0093h     0094h    0002h      LOCAL    1         _RF_SetSniffPrm (c:\users\user\documents\htk_project\qbell_master_mb_v1_2_f9\Output\BC3602.OBJ)
     00h     0093h     0094h    0002h      LOCAL    1         _RF_SetAddr (c:\users\user\documents\htk_project\qbell_master_mb_v1_2_f9\Output\BC3602.OBJ)
     00h     008fh     008fh    0000h      LOCAL    0         _RF_EntryRxMode (c:\users\user\documents\htk_project\qbell_master_mb_v1_2_f9\Output\BC3602.OBJ)
     00h     008fh     008fh    0000h      LOCAL    0         _RFDisATR (c:\users\user\documents\htk_project\qbell_master_mb_v1_2_f9\Output\BC3602.OBJ)
     00h     008fh     008fh    0000h      LOCAL    0         _RF_EntrySniffMode (c:\users\user\documents\htk_project\qbell_master_mb_v1_2_f9\Output\BC3602.OBJ)
     00h     008fh     008fh    0000h      LOCAL    0         _RFEnATR (c:\users\user\documents\htk_project\qbell_master_mb_v1_2_f9\Output\BC3602.OBJ)
     00h     008fh     008fh    0000h      LOCAL    0         _RF_EntryWOT_Mode (c:\users\user\documents\htk_project\qbell_master_mb_v1_2_f9\Output\BC3602.OBJ)
     00h     0092h     0092h    0000h      LOCAL    0         _RF_SendData (c:\users\user\documents\htk_project\qbell_master_mb_v1_2_f9\Output\BC3602.OBJ)
     00h     008dh     0091h    0005h      LOCAL    3.2       _WriteFIFO (c:\users\user\documents\htk_project\qbell_master_mb_v1_2_f9\Output\BC3602.OBJ)
     00h     008fh     008fh    0000h      LOCAL    0         _RF_ResendData (c:\users\user\documents\htk_project\qbell_master_mb_v1_2_f9\Output\BC3602.OBJ)
     00h     0092h     0092h    0000h      LOCAL    0         _RF_ReadRxData (c:\users\user\documents\htk_project\qbell_master_mb_v1_2_f9\Output\BC3602.OBJ)
     00h     008dh     0091h    0005h      LOCAL    3.2       _ReadFIFO (c:\users\user\documents\htk_project\qbell_master_mb_v1_2_f9\Output\BC3602.OBJ)
     00h     008fh     008fh    0000h      LOCAL    0         _RFReadRssi (c:\users\user\documents\htk_project\qbell_master_mb_v1_2_f9\Output\BC3602.OBJ)
     00h     008fh     008fh    0000h      LOCAL    0         _Extend_FIFO_Disable (c:\users\user\documents\htk_project\qbell_master_mb_v1_2_f9\Output\BC3602.OBJ)
     00h     008fh     008fh    0000h      LOCAL    0         _RFEnARK (c:\users\user\documents\htk_project\qbell_master_mb_v1_2_f9\Output\BC3602.OBJ)
     00h     008fh     008fh    0000h      LOCAL    0         _RFDisARK (c:\users\user\documents\htk_project\qbell_master_mb_v1_2_f9\Output\BC3602.OBJ)
     00h     008ch     0093h    0008h      LOCAL    1.875     _CRC16_CCITT_FALSE (c:\users\user\documents\htk_project\qbell_master_mb_v1_2_f9\Output\BC3602.OBJ)
     00h     0094h     0094h    0000h      LOCAL    0         _RF_Process_Init (c:\users\user\documents\htk_project\qbell_master_mb_v1_2_f9\Output\HAL_RF.OBJ)
     00h     008ch     008ch    0000h      LOCAL    0         @dummy28 (c:\users\user\documents\htk_project\qbell_master_mb_v1_2_f9\Output\HAL_RF.OBJ)
     00h     008ch     008ch    0000h      LOCAL    0         _TB0_proc (c:\users\user\documents\htk_project\qbell_master_mb_v1_2_f9\Output\HAL_RF.OBJ)
     00h     0092h     0092h    0001h      LOCAL    0         _KEY_Process (c:\users\user\documents\htk_project\qbell_master_mb_v1_2_f9\Output\HAL_RF.OBJ)
     00h     008eh     0091h    0004h      LOCAL    5.5       _DATA_Process (c:\users\user\documents\htk_project\qbell_master_mb_v1_2_f9\Output\HAL_RF.OBJ)
     00h     008eh     008fh    0002h      LOCAL    3         _eepromP1Write (c:\users\user\documents\htk_project\qbell_master_mb_v1_2_f9\Output\HAL_EEPROM.OBJ)
     00h     008ch     008dh    0002h      LOCAL    3         _eeprom_write (c:\users\user\documents\htk_project\qbell_master_mb_v1_2_f9\Output\HAL_EEPROM.OBJ)
     00h     008eh     008eh    0001h      LOCAL    0         _eepromPstatusWrite (c:\users\user\documents\htk_project\qbell_master_mb_v1_2_f9\Output\HAL_EEPROM.OBJ)
     00h     008eh     008eh    0001h      LOCAL    4         _eepromUnpairDevice (c:\users\user\documents\htk_project\qbell_master_mb_v1_2_f9\Output\HAL_EEPROM.OBJ)

     Indepentent Local Sections

     Bank    Start     End      Length     Class    AvgIns    Name
     00h     008ch     008ch    0000h      ILOCAL   0         _adc_getValue (c:\users\user\documents\htk_project\qbell_master_mb_v1_2_f9\Output\HAL_ADC.OBJ)
     00h     008ch     008ch    0000h      ILOCAL   0         _uart_receive (c:\users\user\documents\htk_project\qbell_master_mb_v1_2_f9\Output\HAL_UART.OBJ)
     00h     008ch     008dh    0002h      ILOCAL   0         _uart_int (c:\users\user\documents\htk_project\qbell_master_mb_v1_2_f9\Output\HAL_UART.OBJ)
     00h     008ch     008ch    0000h      ILOCAL   0         _uart_disable (c:\users\user\documents\htk_project\qbell_master_mb_v1_2_f9\Output\HAL_UART.OBJ)
     00h     008ch     008ch    0001h      ILOCAL   1         _buzzer_ctrl (c:\users\user\documents\htk_project\qbell_master_mb_v1_2_f9\Output\HAL_GPIO.OBJ)
     00h     008ch     008ch    0001h      ILOCAL   1         _motor_ctrl (c:\users\user\documents\htk_project\qbell_master_mb_v1_2_f9\Output\HAL_GPIO.OBJ)
     00h     008ch     008ch    0000h      ILOCAL   0         _RFReadSyncword (c:\users\user\documents\htk_project\qbell_master_mb_v1_2_f9\Output\BC3602.OBJ)
     00h     008ch     008ch    0000h      ILOCAL   0         _System_deepsleep (c:\users\user\documents\htk_project\qbell_master_mb_v1_2_f9\Output\HAL_RF.OBJ)
     00h     008ch     008ch    0000h      ILOCAL   0         _eeprom_init (c:\users\user\documents\htk_project\qbell_master_mb_v1_2_f9\Output\HAL_EEPROM.OBJ)

     Public Symbols Information
     Address            Public by Name
     00a4h              _BANK0_REGS_TALBE
     00a0h              _BANK1_REGS_TALBE
     0098h              _BANK2_REGS_TALBE
     0983h              _BC3602_Config
     0096h              _BC3602_SYNCWORD
     00b3h              _BC3602_T
     0171h              _BC3602_pn9_dataM
     0065h              _CBPF_REGS_TALBE
     00afh              _COMMON_REGS_TALBE
     0c42h              _CRC16_CCITT_FALSE
     13e8h              _Crom2Prom
     13e7h              _Crom2PromNext
     106bh              _DATA_Process
     007bh              _DM_REGS_TALBE
     00b0h              _DeviceACK_CMD_Flag
     00adh              _DeviceACK_Flag
     0afdh              _EntryDeepSleep
     0b00h              _EntryIdleMode
     0afah              _EntryLightSleep
     00b2h              _ExtRxLength
     00aeh              _ExtTxLength
     0dcah              _ExtendFIFO_RX_Process
     0cc7h              _ExtendFIFO_TX_Process
     0c17h              _Extend_FIFO_Disable
     0c04h              _Extend_FIFO_Enable
     0068h              _FCF_REGS_TALBE
     00afh              _Fg_I2c_WrRd
     0086h              _Frequency_REGS_TALBE
     03b9h              _IIC_Init
     03bdh              _IIC_Start
     03cdh              _IIC_Stop
     03b3h              _INT0_proc
     00bbh              _IRQIO_REGS_TALBE
     109bh              _KEY_Process
     0b03h              _LircCalibration
     00f0h              _Mflag
     00b0h              _PACKET_REGS_TALBE
     0adeh              _RFCalibration
     0c39h              _RFDisARK
     0961h              _RFDisATR
     0c28h              _RFEnARK
     0958h              _RFEnATR
     0aech              _RFGetClrRFIrq
     08e7h              _RFReadBuf
     0902h              _RFReadBuf2
     0bffh              _RFReadRssi
     0a23h              _RFReadSyncword
     0a24h              _RFSetDRPram
     0ac0h              _RFSetPower
     08b6h              _RFWriteBuf
     08cbh              _RFWriteBuf2
     0a92h              _RFWriteFreq
     0a6dh              _RFWriteFreqTABLE
     0a12h              _RFWriteSyncword
     096ah              _RFXtalReady
     0ba8h              _RF_EntryRxMode
     0bb6h              _RF_EntrySniffMode
     0bc9h              _RF_EntryWOT_Mode
     0f9bh              _RF_Finished_Process
     00ffh              _RF_IRQ
     0b11h              _RF_Init
     0c88h              _RF_Parameter_loading
     0f8dh              _RF_Process_Init
     0280h              _RF_RXFIFO
     0bf5h              _RF_ReadRxData
     0befh              _RF_ResendData
     0b4eh              _RF_RxBER
     0bdah              _RF_SendData
     0b9fh              _RF_SetAddr
     0b96h              _RF_SetSniffPrm
     0180h              _RF_TXFIFO
     0b29h              _RF_TxCarrier
     0b7eh              _RF_WriteFreq
     0400h              _Rd_Byte
     093bh              _ReadFIFO
     00fbh              _ReceiveData
     01e4h              _Resent_Count
     0970h              _ResetLvRF
     0af7h              _ResetRXFIFO
     0af4h              _ResetTXFIFO
     00feh              _Rx_Buff
     0f48h              _SpiCSN_high
     0f46h              _SpiCSN_low
     0f36h              _SpiIOInti
     0f4ah              _SpiRead
     08aah              _SpiReadRegCMD
     0f55h              _SpiWrite
     0899h              _SpiWriteRegCMD
     08a4h              _SpiWriteStrobeCMD
     0f72h              _Sys_init
     10fdh              _System_deepsleep
     0f93h              _TB0_proc
     008ah              _TxPowerValue
     03dah              _Wr_Byte
     0920h              _WriteFIFO
     0433h              _WriteI2C_Int
     0090h              _WriteI2C_Int_2
     13e0h              __DELAYX0
     13dfh              __DELAYX1
     13dfh              __DELAYX2
     13deh              __DELAYX3
     13deh              __DELAYX4
     13ddh              __DELAYX5
     13ddh              __DELAYX6
     023fh              _adc_getValue
     0257h              _adc_init
     01edh              _adc_selectChannel
     1283h              _app
     1225h              _app_eeprom_check
     1393h              _builtin_holtek_divmodhi4_isr00
     13cah              _builtin_holtek_mulhi3_isr00
     139ch              _builtin_holtek_udivmodhi4_isr00
     037ch              _buzzer_ctrl
     041ch              _checkAck
     118fh              _delay
     1165h              _eepromP1Read
     114bh              _eepromP1Write
     1178h              _eepromPstatusCheck
     117eh              _eepromPstatusWrite
     1184h              _eepromUnpairDevice
     1114h              _eeprom_init
     112fh              _eeprom_read
     1118h              _eeprom_write
     0f5fh              _fun_RamInit
     0390h              _gpio_init
     00cch              _intF
     03a8h              _int_init
     02a9h              _itoa
     0094h              _itoa_2
     068ch              _ktd_anticlockwise_ring
     07bfh              _ktd_anticlockwise_ring_p1
     0853h              _ktd_breath
     0868h              _ktd_breath_battery
     0477h              _ktd_clear
     05edh              _ktd_clockwise_ring
     00a3h              _ktd_clockwise_ring_2
     072bh              _ktd_clockwise_ring_p1
     0465h              _ktd_ctrl
     0449h              _ktd_en
     04e4h              _ktd_rgb_ctrl
     0564h              _ktd_ring
     009eh              _ktd_ring_2
     038ch              _led_clear
     0015h              _lvd_init
     026ah              _lvd_read
     00ech              _mRFSync
     000eh              _main
     0001h              _margin_len
     0384h              _motor_ctrl
     0272h              _rgb_led_ctrl
     008dh              _rgb_led_ctrl_2
     028bh              _rgb_mode
     11a5h              _sw0_status_check
     01e0h              _syncword
     11ceh              _sysInit
     00f9h              _temPtr
     00b1h              _u16_I2cError_Cnt
     00fdh              _u8_I2c_WrRd_1ms
     00fch              _u8_IIC_Count
     0370h              _uart_disable
     036eh              _uart_enable
     036dh              _uart_int
     0352h              _uart_int_init
     001bh              _uart_printf
     0359h              _uart_prot_init
     0367h              _uart_receive
     0003h              _uart_send
     0088h              r104
     008ah              r11c
     0089h              r204
     008bh              r21c
     0080h              ra
     0081h              rb
     0082h              rc
     0083h              rd
     0084h              re
     0085h              rf
     0086h              rg
     0087h              rh
     0008h              startup_value_1

     Address            Public by Value
     0001h              _margin_len
     0003h              _uart_send
     0008h              startup_value_1
     000eh              _main
     0015h              _lvd_init
     001bh              _uart_printf
     0065h              _CBPF_REGS_TALBE
     0068h              _FCF_REGS_TALBE
     007bh              _DM_REGS_TALBE
     0080h              ra
     0081h              rb
     0082h              rc
     0083h              rd
     0084h              re
     0085h              rf
     0086h              rg
     0086h              _Frequency_REGS_TALBE
     0087h              rh
     0088h              r104
     0089h              r204
     008ah              _TxPowerValue
     008ah              r11c
     008bh              r21c
     008dh              _rgb_led_ctrl_2
     0090h              _WriteI2C_Int_2
     0094h              _itoa_2
     0096h              _BC3602_SYNCWORD
     0098h              _BANK2_REGS_TALBE
     009eh              _ktd_ring_2
     00a0h              _BANK1_REGS_TALBE
     00a3h              _ktd_clockwise_ring_2
     00a4h              _BANK0_REGS_TALBE
     00adh              _DeviceACK_Flag
     00aeh              _ExtTxLength
     00afh              _Fg_I2c_WrRd
     00afh              _COMMON_REGS_TALBE
     00b0h              _DeviceACK_CMD_Flag
     00b0h              _PACKET_REGS_TALBE
     00b1h              _u16_I2cError_Cnt
     00b2h              _ExtRxLength
     00b3h              _BC3602_T
     00bbh              _IRQIO_REGS_TALBE
     00cch              _intF
     00ech              _mRFSync
     00f0h              _Mflag
     00f9h              _temPtr
     00fbh              _ReceiveData
     00fch              _u8_IIC_Count
     00fdh              _u8_I2c_WrRd_1ms
     00feh              _Rx_Buff
     00ffh              _RF_IRQ
     0171h              _BC3602_pn9_dataM
     0180h              _RF_TXFIFO
     01e0h              _syncword
     01e4h              _Resent_Count
     01edh              _adc_selectChannel
     023fh              _adc_getValue
     0257h              _adc_init
     026ah              _lvd_read
     0272h              _rgb_led_ctrl
     0280h              _RF_RXFIFO
     028bh              _rgb_mode
     02a9h              _itoa
     0352h              _uart_int_init
     0359h              _uart_prot_init
     0367h              _uart_receive
     036dh              _uart_int
     036eh              _uart_enable
     0370h              _uart_disable
     037ch              _buzzer_ctrl
     0384h              _motor_ctrl
     038ch              _led_clear
     0390h              _gpio_init
     03a8h              _int_init
     03b3h              _INT0_proc
     03b9h              _IIC_Init
     03bdh              _IIC_Start
     03cdh              _IIC_Stop
     03dah              _Wr_Byte
     0400h              _Rd_Byte
     041ch              _checkAck
     0433h              _WriteI2C_Int
     0449h              _ktd_en
     0465h              _ktd_ctrl
     0477h              _ktd_clear
     04e4h              _ktd_rgb_ctrl
     0564h              _ktd_ring
     05edh              _ktd_clockwise_ring
     068ch              _ktd_anticlockwise_ring
     072bh              _ktd_clockwise_ring_p1
     07bfh              _ktd_anticlockwise_ring_p1
     0853h              _ktd_breath
     0868h              _ktd_breath_battery
     0899h              _SpiWriteRegCMD
     08a4h              _SpiWriteStrobeCMD
     08aah              _SpiReadRegCMD
     08b6h              _RFWriteBuf
     08cbh              _RFWriteBuf2
     08e7h              _RFReadBuf
     0902h              _RFReadBuf2
     0920h              _WriteFIFO
     093bh              _ReadFIFO
     0958h              _RFEnATR
     0961h              _RFDisATR
     096ah              _RFXtalReady
     0970h              _ResetLvRF
     0983h              _BC3602_Config
     0a12h              _RFWriteSyncword
     0a23h              _RFReadSyncword
     0a24h              _RFSetDRPram
     0a6dh              _RFWriteFreqTABLE
     0a92h              _RFWriteFreq
     0ac0h              _RFSetPower
     0adeh              _RFCalibration
     0aech              _RFGetClrRFIrq
     0af4h              _ResetTXFIFO
     0af7h              _ResetRXFIFO
     0afah              _EntryLightSleep
     0afdh              _EntryDeepSleep
     0b00h              _EntryIdleMode
     0b03h              _LircCalibration
     0b11h              _RF_Init
     0b29h              _RF_TxCarrier
     0b4eh              _RF_RxBER
     0b7eh              _RF_WriteFreq
     0b96h              _RF_SetSniffPrm
     0b9fh              _RF_SetAddr
     0ba8h              _RF_EntryRxMode
     0bb6h              _RF_EntrySniffMode
     0bc9h              _RF_EntryWOT_Mode
     0bdah              _RF_SendData
     0befh              _RF_ResendData
     0bf5h              _RF_ReadRxData
     0bffh              _RFReadRssi
     0c04h              _Extend_FIFO_Enable
     0c17h              _Extend_FIFO_Disable
     0c28h              _RFEnARK
     0c39h              _RFDisARK
     0c42h              _CRC16_CCITT_FALSE
     0c88h              _RF_Parameter_loading
     0cc7h              _ExtendFIFO_TX_Process
     0dcah              _ExtendFIFO_RX_Process
     0f36h              _SpiIOInti
     0f46h              _SpiCSN_low
     0f48h              _SpiCSN_high
     0f4ah              _SpiRead
     0f55h              _SpiWrite
     0f5fh              _fun_RamInit
     0f72h              _Sys_init
     0f8dh              _RF_Process_Init
     0f93h              _TB0_proc
     0f9bh              _RF_Finished_Process
     106bh              _DATA_Process
     109bh              _KEY_Process
     10fdh              _System_deepsleep
     1114h              _eeprom_init
     1118h              _eeprom_write
     112fh              _eeprom_read
     114bh              _eepromP1Write
     1165h              _eepromP1Read
     1178h              _eepromPstatusCheck
     117eh              _eepromPstatusWrite
     1184h              _eepromUnpairDevice
     118fh              _delay
     11a5h              _sw0_status_check
     11ceh              _sysInit
     1225h              _app_eeprom_check
     1283h              _app
     1393h              _builtin_holtek_divmodhi4_isr00
     139ch              _builtin_holtek_udivmodhi4_isr00
     13cah              _builtin_holtek_mulhi3_isr00
     13ddh              __DELAYX5
     13ddh              __DELAYX6
     13deh              __DELAYX3
     13deh              __DELAYX4
     13dfh              __DELAYX1
     13dfh              __DELAYX2
     13e0h              __DELAYX0
     13e7h              _Crom2PromNext
     13e8h              _Crom2Prom


ROM Usage Statistics
     Size      Used     Percentage
     2000h     13f7h    62%

RAM Usage Statistics
    Bank      Size      Used     Percentage
     00h       0080h     0080h    100%
     01h       0080h     0066h    79%
     02h       0080h     0060h    75%
     03h       0080h     0000h    0%
     Total     0200h     0146h    63%

Use Stack Count
_main: 6
_uart_enable: 2
_INT0_proc: 0
_Rd_Byte: 1
_ktd_clockwise_ring: 4
_ktd_anticlockwise_ring: 4
_ktd_breath: 4
_ktd_breath_battery: 4
_RFReadBuf: 1
_RFWriteFreq: 2
_ResetTXFIFO: 2
_ResetRXFIFO: 2
_EntryLightSleep: 2
_EntryDeepSleep: 2
_EntryIdleMode: 2
_RF_TxCarrier: 3
_RF_RxBER: 3
_RF_WriteFreq: 2
_RF_SetSniffPrm: 2
_RF_SetAddr: 2
_RF_EntryRxMode: 3
_RF_EntrySniffMode: 3
_RF_EntryWOT_Mode: 3
_RF_SendData: 3
_RF_ResendData: 3
_RF_ReadRxData: 2
_RFReadRssi: 2
_Extend_FIFO_Disable: 2
_RFEnARK: 2
_RFDisARK: 2
_CRC16_CCITT_FALSE: 1
_RF_Process_Init: 4
_TB0_proc: 0
_KEY_Process: 2
_eepromP1Write: 1
_eepromPstatusWrite: 1
_eepromUnpairDevice: 1

Call Tree
    @dummy
        _main (0)
            _Sys_init (1)
                _fun_RamInit (2)
            _sysInit (1)
                _delay (2)
                _adc_init (2)
                    _adc_selectChannel (3)
                    _lvd_init (3)
                    _delay (3)
                _IIC_Init (2)
                _ktd_en (2)
                    _WriteI2C_Int (3)
                        _IIC_Start (4)
                            __DELAYX (5)
                        _Wr_Byte (4)
                            __DELAYX (5)
                        _checkAck (4)
                            __DELAYX (5)
                        _IIC_Stop (4)
                            __DELAYX (5)
                    _delay (3)
                _ktd_clear (2)
                    _WriteI2C_Int (3)
                        _IIC_Start (4)
                            __DELAYX (5)
                        _Wr_Byte (4)
                            __DELAYX (5)
                        _checkAck (4)
                            __DELAYX (5)
                        _IIC_Stop (4)
                            __DELAYX (5)
                _int_init (2)
                    _gpio_init (3)
                        _led_clear (4)
                _RF_Init (2)
                    _SpiIOInti (3)
                    _SpiWriteStrobeCMD (3)
                        _SpiCSN_low (4)
                        _SpiWrite (4)
                        _SpiCSN_high (4)
                    _ResetLvRF (3)
                        _SpiReadRegCMD (4)
                            _SpiCSN_low (5)
                            _SpiWrite (5)
                            _SpiRead (5)
                            _SpiCSN_high (5)
                        _SpiWriteRegCMD (4)
                            _SpiCSN_low (5)
                            _SpiWrite (5)
                            _SpiCSN_high (5)
                    _BC3602_Config (3)
                        _Crom2Prom (4)
                        _Crom2Prom (4)
                        _SpiWriteRegCMD (4)
                            _SpiCSN_low (5)
                            _SpiWrite (5)
                            _SpiCSN_high (5)
                        _SpiWriteStrobeCMD (4)
                            _SpiCSN_low (5)
                            _SpiWrite (5)
                            _SpiCSN_high (5)
                    _RFWriteSyncword (3)
                        _RFWriteBuf (4)
                            _SpiCSN_low (5)
                            _SpiWrite (5)
                            _Crom2Prom (5)
                            _SpiCSN_high (5)
                    _RFWriteFreqTABLE (3)
                        _SpiReadRegCMD (4)
                            _SpiCSN_low (5)
                            _SpiWrite (5)
                            _SpiRead (5)
                            _SpiCSN_high (5)
                        _SpiWriteRegCMD (4)
                            _SpiCSN_low (5)
                            _SpiWrite (5)
                            _SpiCSN_high (5)
                        _Crom2Prom (4)
                        _Crom2Prom (4)
                    _RFSetDRPram (3)
                        _SpiWriteStrobeCMD (4)
                            _SpiCSN_low (5)
                            _SpiWrite (5)
                            _SpiCSN_high (5)
                        _Crom2Prom (4)
                        _Crom2Prom (4)
                        _SpiWriteRegCMD (4)
                            _SpiCSN_low (5)
                            _SpiWrite (5)
                            _SpiCSN_high (5)
                    _RFSetPower (3)
                        _Crom2Prom (4)
                        _SpiWriteRegCMD (4)
                            _SpiCSN_low (5)
                            _SpiWrite (5)
                            _SpiCSN_high (5)
                    _RFXtalReady (3)
                        _SpiReadRegCMD (4)
                            _SpiCSN_low (5)
                            _SpiWrite (5)
                            _SpiRead (5)
                            _SpiCSN_high (5)
                    _RFCalibration (3)
                        _SpiReadRegCMD (4)
                            _SpiCSN_low (5)
                            _SpiWrite (5)
                            _SpiRead (5)
                            _SpiCSN_high (5)
                        _SpiWriteRegCMD (4)
                            _SpiCSN_low (5)
                            _SpiWrite (5)
                            _SpiCSN_high (5)
                    _LircCalibration (3)
                        _SpiReadRegCMD (4)
                            _SpiCSN_low (5)
                            _SpiWrite (5)
                            _SpiRead (5)
                            _SpiCSN_high (5)
                        _SpiWriteRegCMD (4)
                            _SpiCSN_low (5)
                            _SpiWrite (5)
                            _SpiCSN_high (5)
                    _RFGetClrRFIrq (3)
                        _SpiReadRegCMD (4)
                            _SpiCSN_low (5)
                            _SpiWrite (5)
                            _SpiRead (5)
                            _SpiCSN_high (5)
                        _SpiWriteRegCMD (4)
                            _SpiCSN_low (5)
                            _SpiWrite (5)
                            _SpiCSN_high (5)
                _RF_Parameter_loading (2)
                    _SpiWriteStrobeCMD (3)
                        _SpiCSN_low (4)
                        _SpiWrite (4)
                        _SpiCSN_high (4)
                    _RFReadBuf2 (3)
                        _SpiCSN_low (4)
                        _SpiWrite (4)
                        _SpiRead (4)
                        _SpiCSN_high (4)
                    _SpiReadRegCMD (3)
                        _SpiCSN_low (4)
                        _SpiWrite (4)
                        _SpiRead (4)
                        _SpiCSN_high (4)
                _SpiWriteRegCMD (2)
                    _SpiCSN_low (3)
                    _SpiWrite (3)
                    _SpiCSN_high (3)
                _ktd_clockwise_ring_p1 (2)
                    _ktd_ring (3)
                        _WriteI2C_Int (4)
                            _IIC_Start (5)
                                __DELAYX (6)
                            _Wr_Byte (5)
                                __DELAYX (6)
                            _checkAck (5)
                                __DELAYX (6)
                            _IIC_Stop (5)
                                __DELAYX (6)
                    _delay (3)
                _ktd_anticlockwise_ring_p1 (2)
                    _ktd_ring (3)
                        _WriteI2C_Int (4)
                            _IIC_Start (5)
                                __DELAYX (6)
                            _Wr_Byte (5)
                                __DELAYX (6)
                            _checkAck (5)
                                __DELAYX (6)
                            _IIC_Stop (5)
                                __DELAYX (6)
                    _delay (3)
            _app_eeprom_check (1)
                _uart_printf (2)
                _eeprom_read (2)
                    _delay (3)
                _itoa (2)
                    _builtin_holtek_divmodhi4_isr00 (3)
                    _builtin_holtek_mulhi3_isr00 (3)
                    _Crom2Prom (3)
                _delay (2)
                _eepromPstatusCheck (2)
                    _eeprom_read (3)
                        _delay (4)
                _uart_send (2)
                _eepromP1Read (2)
                    _eeprom_read (3)
                        _delay (4)
            _app (1)
                _uart_printf (2)
                _sw0_status_check (2)
                    _uart_printf (3)
                    _delay (3)
                _ktd_en (2)
                    _WriteI2C_Int (3)
                        _IIC_Start (4)
                            __DELAYX (5)
                        _Wr_Byte (4)
                            __DELAYX (5)
                        _checkAck (4)
                            __DELAYX (5)
                        _IIC_Stop (4)
                            __DELAYX (5)
                    _delay (3)
                _ktd_clear (2)
                    _WriteI2C_Int (3)
                        _IIC_Start (4)
                            __DELAYX (5)
                        _Wr_Byte (4)
                            __DELAYX (5)
                        _checkAck (4)
                            __DELAYX (5)
                        _IIC_Stop (4)
                            __DELAYX (5)
                _rgb_mode (2)
                    _rgb_led_ctrl (3)
                _delay (2)
                _led_clear (2)
                _ktd_clockwise_ring_p1 (2)
                    _ktd_ring (3)
                        _WriteI2C_Int (4)
                            _IIC_Start (5)
                                __DELAYX (6)
                            _Wr_Byte (5)
                                __DELAYX (6)
                            _checkAck (5)
                                __DELAYX (6)
                            _IIC_Stop (5)
                                __DELAYX (6)
                    _delay (3)
                _ktd_anticlockwise_ring_p1 (2)
                    _ktd_ring (3)
                        _WriteI2C_Int (4)
                            _IIC_Start (5)
                                __DELAYX (6)
                            _Wr_Byte (5)
                                __DELAYX (6)
                            _checkAck (5)
                                __DELAYX (6)
                            _IIC_Stop (5)
                                __DELAYX (6)
                    _delay (3)
                _ktd_ctrl (2)
                    _WriteI2C_Int (3)
                        _IIC_Start (4)
                            __DELAYX (5)
                        _Wr_Byte (4)
                            __DELAYX (5)
                        _checkAck (4)
                            __DELAYX (5)
                        _IIC_Stop (4)
                            __DELAYX (5)
                    _delay (3)
                _ktd_rgb_ctrl (2)
                    _WriteI2C_Int (3)
                        _IIC_Start (4)
                            __DELAYX (5)
                        _Wr_Byte (4)
                            __DELAYX (5)
                        _checkAck (4)
                            __DELAYX (5)
                        _IIC_Stop (4)
                            __DELAYX (5)
                _lvd_read (2)
                _ExtendFIFO_TX_Process (2)
                    _Crom2Prom (3)
                    _SpiWriteStrobeCMD (3)
                        _SpiCSN_low (4)
                        _SpiWrite (4)
                        _SpiCSN_high (4)
                    _Extend_FIFO_Enable (3)
                        _SpiReadRegCMD (4)
                            _SpiCSN_low (5)
                            _SpiWrite (5)
                            _SpiRead (5)
                            _SpiCSN_high (5)
                        _SpiWriteRegCMD (4)
                            _SpiCSN_low (5)
                            _SpiWrite (5)
                            _SpiCSN_high (5)
                    _SpiReadRegCMD (3)
                        _SpiCSN_low (4)
                        _SpiWrite (4)
                        _SpiRead (4)
                        _SpiCSN_high (4)
                    _SpiWriteRegCMD (3)
                        _SpiCSN_low (4)
                        _SpiWrite (4)
                        _SpiCSN_high (4)
                    _Crom2Prom (3)
                    _RFWriteBuf2 (3)
                        _SpiCSN_low (4)
                        _SpiWrite (4)
                        _Crom2Prom (4)
                        _SpiCSN_high (4)
                _ExtendFIFO_RX_Process (2)
                    _Crom2Prom (3)
                    _SpiWriteStrobeCMD (3)
                        _SpiCSN_low (4)
                        _SpiWrite (4)
                        _SpiCSN_high (4)
                    _SpiReadRegCMD (3)
                        _SpiCSN_low (4)
                        _SpiWrite (4)
                        _SpiRead (4)
                        _SpiCSN_high (4)
                    _SpiWriteRegCMD (3)
                        _SpiCSN_low (4)
                        _SpiWrite (4)
                        _SpiCSN_high (4)
                    _Crom2Prom (3)
                    _RFReadBuf2 (3)
                        _SpiCSN_low (4)
                        _SpiWrite (4)
                        _SpiRead (4)
                        _SpiCSN_high (4)
                _RF_Finished_Process (2)
                    _Crom2Prom (3)
                    _uart_printf (3)
    _uart_enable
        _uart_prot_init (0)
            _uart_int_init (1)
    @dummy4
        _INT0_proc (0)
    _Rd_Byte
        __DELAYX (0)
    _ktd_clockwise_ring
        _ktd_ring (0)
            _WriteI2C_Int (1)
                _IIC_Start (2)
                    __DELAYX (3)
                _Wr_Byte (2)
                    __DELAYX (3)
                _checkAck (2)
                    __DELAYX (3)
                _IIC_Stop (2)
                    __DELAYX (3)
        _delay (0)
    _ktd_anticlockwise_ring
        _ktd_ring (0)
            _WriteI2C_Int (1)
                _IIC_Start (2)
                    __DELAYX (3)
                _Wr_Byte (2)
                    __DELAYX (3)
                _checkAck (2)
                    __DELAYX (3)
                _IIC_Stop (2)
                    __DELAYX (3)
        _delay (0)
    _ktd_breath
        _ktd_ctrl (0)
            _WriteI2C_Int (1)
                _IIC_Start (2)
                    __DELAYX (3)
                _Wr_Byte (2)
                    __DELAYX (3)
                _checkAck (2)
                    __DELAYX (3)
                _IIC_Stop (2)
                    __DELAYX (3)
            _delay (1)
        _delay (0)
        _ktd_ring (0)
            _WriteI2C_Int (1)
                _IIC_Start (2)
                    __DELAYX (3)
                _Wr_Byte (2)
                    __DELAYX (3)
                _checkAck (2)
                    __DELAYX (3)
                _IIC_Stop (2)
                    __DELAYX (3)
    _ktd_breath_battery
        _ktd_ring (0)
            _WriteI2C_Int (1)
                _IIC_Start (2)
                    __DELAYX (3)
                _Wr_Byte (2)
                    __DELAYX (3)
                _checkAck (2)
                    __DELAYX (3)
                _IIC_Stop (2)
                    __DELAYX (3)
    _RFReadBuf
        _SpiCSN_low (0)
        _SpiWrite (0)
        _SpiRead (0)
        _SpiCSN_high (0)
    _RFWriteFreq
        _SpiReadRegCMD (0)
            _SpiCSN_low (1)
            _SpiWrite (1)
            _SpiRead (1)
            _SpiCSN_high (1)
        _SpiWriteRegCMD (0)
            _SpiCSN_low (1)
            _SpiWrite (1)
            _SpiCSN_high (1)
        _Crom2Prom (0)
        _Crom2Prom (0)
    _ResetTXFIFO
        _SpiWriteStrobeCMD (0)
            _SpiCSN_low (1)
            _SpiWrite (1)
            _SpiCSN_high (1)
    _ResetRXFIFO
        _SpiWriteStrobeCMD (0)
            _SpiCSN_low (1)
            _SpiWrite (1)
            _SpiCSN_high (1)
    _EntryLightSleep
        _SpiWriteStrobeCMD (0)
            _SpiCSN_low (1)
            _SpiWrite (1)
            _SpiCSN_high (1)
    _EntryDeepSleep
        _SpiWriteStrobeCMD (0)
            _SpiCSN_low (1)
            _SpiWrite (1)
            _SpiCSN_high (1)
    _EntryIdleMode
        _SpiWriteStrobeCMD (0)
            _SpiCSN_low (1)
            _SpiWrite (1)
            _SpiCSN_high (1)
    _RF_TxCarrier
        _SpiReadRegCMD (0)
            _SpiCSN_low (1)
            _SpiWrite (1)
            _SpiRead (1)
            _SpiCSN_high (1)
        _SpiWriteRegCMD (0)
            _SpiCSN_low (1)
            _SpiWrite (1)
            _SpiCSN_high (1)
        _SpiWriteStrobeCMD (0)
            _SpiCSN_low (1)
            _SpiWrite (1)
            _SpiCSN_high (1)
        _RFXtalReady (0)
            _SpiReadRegCMD (1)
                _SpiCSN_low (2)
                _SpiWrite (2)
                _SpiRead (2)
                _SpiCSN_high (2)
    _RF_RxBER
        _SpiWriteStrobeCMD (0)
            _SpiCSN_low (1)
            _SpiWrite (1)
            _SpiCSN_high (1)
        _SpiReadRegCMD (0)
            _SpiCSN_low (1)
            _SpiWrite (1)
            _SpiRead (1)
            _SpiCSN_high (1)
        _SpiWriteRegCMD (0)
            _SpiCSN_low (1)
            _SpiWrite (1)
            _SpiCSN_high (1)
        _RFXtalReady (0)
            _SpiReadRegCMD (1)
                _SpiCSN_low (2)
                _SpiWrite (2)
                _SpiRead (2)
                _SpiCSN_high (2)
    _RF_WriteFreq
        _SpiReadRegCMD (0)
            _SpiCSN_low (1)
            _SpiWrite (1)
            _SpiRead (1)
            _SpiCSN_high (1)
        _SpiWriteRegCMD (0)
            _SpiCSN_low (1)
            _SpiWrite (1)
            _SpiCSN_high (1)
        _RFWriteBuf2 (0)
            _SpiCSN_low (1)
            _SpiWrite (1)
            _Crom2Prom (1)
            _SpiCSN_high (1)
    _RF_SetSniffPrm
        _RFWriteBuf2 (0)
            _SpiCSN_low (1)
            _SpiWrite (1)
            _Crom2Prom (1)
            _SpiCSN_high (1)
    _RF_SetAddr
        _RFWriteBuf2 (0)
            _SpiCSN_low (1)
            _SpiWrite (1)
            _Crom2Prom (1)
            _SpiCSN_high (1)
    _RF_EntryRxMode
        _SpiWriteStrobeCMD (0)
            _SpiCSN_low (1)
            _SpiWrite (1)
            _SpiCSN_high (1)
        _RFXtalReady (0)
            _SpiReadRegCMD (1)
                _SpiCSN_low (2)
                _SpiWrite (2)
                _SpiRead (2)
                _SpiCSN_high (2)
        _RFDisATR (0)
            _SpiReadRegCMD (1)
                _SpiCSN_low (2)
                _SpiWrite (2)
                _SpiRead (2)
                _SpiCSN_high (2)
            _SpiWriteRegCMD (1)
                _SpiCSN_low (2)
                _SpiWrite (2)
                _SpiCSN_high (2)
        _RFCalibration (0)
            _SpiReadRegCMD (1)
                _SpiCSN_low (2)
                _SpiWrite (2)
                _SpiRead (2)
                _SpiCSN_high (2)
            _SpiWriteRegCMD (1)
                _SpiCSN_low (2)
                _SpiWrite (2)
                _SpiCSN_high (2)
        _SpiWriteRegCMD (0)
            _SpiCSN_low (1)
            _SpiWrite (1)
            _SpiCSN_high (1)
    _RF_EntrySniffMode
        _SpiWriteStrobeCMD (0)
            _SpiCSN_low (1)
            _SpiWrite (1)
            _SpiCSN_high (1)
        _RFXtalReady (0)
            _SpiReadRegCMD (1)
                _SpiCSN_low (2)
                _SpiWrite (2)
                _SpiRead (2)
                _SpiCSN_high (2)
        _RFDisATR (0)
            _SpiReadRegCMD (1)
                _SpiCSN_low (2)
                _SpiWrite (2)
                _SpiRead (2)
                _SpiCSN_high (2)
            _SpiWriteRegCMD (1)
                _SpiCSN_low (2)
                _SpiWrite (2)
                _SpiCSN_high (2)
        _SpiReadRegCMD (0)
            _SpiCSN_low (1)
            _SpiWrite (1)
            _SpiRead (1)
            _SpiCSN_high (1)
        _SpiWriteRegCMD (0)
            _SpiCSN_low (1)
            _SpiWrite (1)
            _SpiCSN_high (1)
        _RFCalibration (0)
            _SpiReadRegCMD (1)
                _SpiCSN_low (2)
                _SpiWrite (2)
                _SpiRead (2)
                _SpiCSN_high (2)
            _SpiWriteRegCMD (1)
                _SpiCSN_low (2)
                _SpiWrite (2)
                _SpiCSN_high (2)
        _RFEnATR (0)
            _SpiReadRegCMD (1)
                _SpiCSN_low (2)
                _SpiWrite (2)
                _SpiRead (2)
                _SpiCSN_high (2)
            _SpiWriteRegCMD (1)
                _SpiCSN_low (2)
                _SpiWrite (2)
                _SpiCSN_high (2)
    _RF_EntryWOT_Mode
        _SpiWriteStrobeCMD (0)
            _SpiCSN_low (1)
            _SpiWrite (1)
            _SpiCSN_high (1)
        _RFXtalReady (0)
            _SpiReadRegCMD (1)
                _SpiCSN_low (2)
                _SpiWrite (2)
                _SpiRead (2)
                _SpiCSN_high (2)
        _RFDisATR (0)
            _SpiReadRegCMD (1)
                _SpiCSN_low (2)
                _SpiWrite (2)
                _SpiRead (2)
                _SpiCSN_high (2)
            _SpiWriteRegCMD (1)
                _SpiCSN_low (2)
                _SpiWrite (2)
                _SpiCSN_high (2)
        _SpiReadRegCMD (0)
            _SpiCSN_low (1)
            _SpiWrite (1)
            _SpiRead (1)
            _SpiCSN_high (1)
        _SpiWriteRegCMD (0)
            _SpiCSN_low (1)
            _SpiWrite (1)
            _SpiCSN_high (1)
        _RFCalibration (0)
            _SpiReadRegCMD (1)
                _SpiCSN_low (2)
                _SpiWrite (2)
                _SpiRead (2)
                _SpiCSN_high (2)
            _SpiWriteRegCMD (1)
                _SpiCSN_low (2)
                _SpiWrite (2)
                _SpiCSN_high (2)
        _RFEnATR (0)
            _SpiReadRegCMD (1)
                _SpiCSN_low (2)
                _SpiWrite (2)
                _SpiRead (2)
                _SpiCSN_high (2)
            _SpiWriteRegCMD (1)
                _SpiCSN_low (2)
                _SpiWrite (2)
                _SpiCSN_high (2)
    _RF_SendData
        _SpiWriteStrobeCMD (0)
            _SpiCSN_low (1)
            _SpiWrite (1)
            _SpiCSN_high (1)
        _RFXtalReady (0)
            _SpiReadRegCMD (1)
                _SpiCSN_low (2)
                _SpiWrite (2)
                _SpiRead (2)
                _SpiCSN_high (2)
        _RFDisATR (0)
            _SpiReadRegCMD (1)
                _SpiCSN_low (2)
                _SpiWrite (2)
                _SpiRead (2)
                _SpiCSN_high (2)
            _SpiWriteRegCMD (1)
                _SpiCSN_low (2)
                _SpiWrite (2)
                _SpiCSN_high (2)
        _RFCalibration (0)
            _SpiReadRegCMD (1)
                _SpiCSN_low (2)
                _SpiWrite (2)
                _SpiRead (2)
                _SpiCSN_high (2)
            _SpiWriteRegCMD (1)
                _SpiCSN_low (2)
                _SpiWrite (2)
                _SpiCSN_high (2)
        _SpiWriteRegCMD (0)
            _SpiCSN_low (1)
            _SpiWrite (1)
            _SpiCSN_high (1)
        _WriteFIFO (0)
            _SpiCSN_low (1)
            _SpiWrite (1)
            _Crom2Prom (1)
            _SpiCSN_high (1)
    _RF_ResendData
        _SpiWriteStrobeCMD (0)
            _SpiCSN_low (1)
            _SpiWrite (1)
            _SpiCSN_high (1)
        _RFXtalReady (0)
            _SpiReadRegCMD (1)
                _SpiCSN_low (2)
                _SpiWrite (2)
                _SpiRead (2)
                _SpiCSN_high (2)
    _RF_ReadRxData
        _ReadFIFO (0)
            _SpiCSN_low (1)
            _SpiWrite (1)
            _SpiRead (1)
            _SpiCSN_high (1)
        _SpiWriteStrobeCMD (0)
            _SpiCSN_low (1)
            _SpiWrite (1)
            _SpiCSN_high (1)
    _RFReadRssi
        _SpiReadRegCMD (0)
            _SpiCSN_low (1)
            _SpiWrite (1)
            _SpiRead (1)
            _SpiCSN_high (1)
    _Extend_FIFO_Disable
        _SpiReadRegCMD (0)
            _SpiCSN_low (1)
            _SpiWrite (1)
            _SpiRead (1)
            _SpiCSN_high (1)
        _SpiWriteRegCMD (0)
            _SpiCSN_low (1)
            _SpiWrite (1)
            _SpiCSN_high (1)
    _RFEnARK
        _SpiReadRegCMD (0)
            _SpiCSN_low (1)
            _SpiWrite (1)
            _SpiRead (1)
            _SpiCSN_high (1)
        _SpiWriteRegCMD (0)
            _SpiCSN_low (1)
            _SpiWrite (1)
            _SpiCSN_high (1)
    _RFDisARK
        _SpiReadRegCMD (0)
            _SpiCSN_low (1)
            _SpiWrite (1)
            _SpiRead (1)
            _SpiCSN_high (1)
        _SpiWriteRegCMD (0)
            _SpiCSN_low (1)
            _SpiWrite (1)
            _SpiCSN_high (1)
    _CRC16_CCITT_FALSE
        _Crom2Prom (0)
    _RF_Process_Init
        _Sys_init (0)
            _fun_RamInit (1)
        _RF_Init (0)
            _SpiIOInti (1)
            _SpiWriteStrobeCMD (1)
                _SpiCSN_low (2)
                _SpiWrite (2)
                _SpiCSN_high (2)
            _ResetLvRF (1)
                _SpiReadRegCMD (2)
                    _SpiCSN_low (3)
                    _SpiWrite (3)
                    _SpiRead (3)
                    _SpiCSN_high (3)
                _SpiWriteRegCMD (2)
                    _SpiCSN_low (3)
                    _SpiWrite (3)
                    _SpiCSN_high (3)
            _BC3602_Config (1)
                _Crom2Prom (2)
                _Crom2Prom (2)
                _SpiWriteRegCMD (2)
                    _SpiCSN_low (3)
                    _SpiWrite (3)
                    _SpiCSN_high (3)
                _SpiWriteStrobeCMD (2)
                    _SpiCSN_low (3)
                    _SpiWrite (3)
                    _SpiCSN_high (3)
            _RFWriteSyncword (1)
                _RFWriteBuf (2)
                    _SpiCSN_low (3)
                    _SpiWrite (3)
                    _Crom2Prom (3)
                    _SpiCSN_high (3)
            _RFWriteFreqTABLE (1)
                _SpiReadRegCMD (2)
                    _SpiCSN_low (3)
                    _SpiWrite (3)
                    _SpiRead (3)
                    _SpiCSN_high (3)
                _SpiWriteRegCMD (2)
                    _SpiCSN_low (3)
                    _SpiWrite (3)
                    _SpiCSN_high (3)
                _Crom2Prom (2)
                _Crom2Prom (2)
            _RFSetDRPram (1)
                _SpiWriteStrobeCMD (2)
                    _SpiCSN_low (3)
                    _SpiWrite (3)
                    _SpiCSN_high (3)
                _Crom2Prom (2)
                _Crom2Prom (2)
                _SpiWriteRegCMD (2)
                    _SpiCSN_low (3)
                    _SpiWrite (3)
                    _SpiCSN_high (3)
            _RFSetPower (1)
                _Crom2Prom (2)
                _SpiWriteRegCMD (2)
                    _SpiCSN_low (3)
                    _SpiWrite (3)
                    _SpiCSN_high (3)
            _RFXtalReady (1)
                _SpiReadRegCMD (2)
                    _SpiCSN_low (3)
                    _SpiWrite (3)
                    _SpiRead (3)
                    _SpiCSN_high (3)
            _RFCalibration (1)
                _SpiReadRegCMD (2)
                    _SpiCSN_low (3)
                    _SpiWrite (3)
                    _SpiRead (3)
                    _SpiCSN_high (3)
                _SpiWriteRegCMD (2)
                    _SpiCSN_low (3)
                    _SpiWrite (3)
                    _SpiCSN_high (3)
            _LircCalibration (1)
                _SpiReadRegCMD (2)
                    _SpiCSN_low (3)
                    _SpiWrite (3)
                    _SpiRead (3)
                    _SpiCSN_high (3)
                _SpiWriteRegCMD (2)
                    _SpiCSN_low (3)
                    _SpiWrite (3)
                    _SpiCSN_high (3)
            _RFGetClrRFIrq (1)
                _SpiReadRegCMD (2)
                    _SpiCSN_low (3)
                    _SpiWrite (3)
                    _SpiRead (3)
                    _SpiCSN_high (3)
                _SpiWriteRegCMD (2)
                    _SpiCSN_low (3)
                    _SpiWrite (3)
                    _SpiCSN_high (3)
        _RF_Parameter_loading (0)
            _SpiWriteStrobeCMD (1)
                _SpiCSN_low (2)
                _SpiWrite (2)
                _SpiCSN_high (2)
            _RFReadBuf2 (1)
                _SpiCSN_low (2)
                _SpiWrite (2)
                _SpiRead (2)
                _SpiCSN_high (2)
            _SpiReadRegCMD (1)
                _SpiCSN_low (2)
                _SpiWrite (2)
                _SpiRead (2)
                _SpiCSN_high (2)
    @dummy28
        _TB0_proc (0)
    _KEY_Process
        _DATA_Process (0)
            _uart_printf (1)
            _Crom2Prom (1)
            _uart_send (1)
        _uart_printf (0)
    _eepromP1Write
        _Crom2Prom (0)
        _eeprom_write (0)
    _eepromPstatusWrite
        _eeprom_write (0)
    _eepromUnpairDevice
        _eeprom_write (0)

HLINK: Program entry point at section '@code' (address 0) of file 'c:\users\user\documents\htk_project\qbell_master_mb_v1_2_f9\Output\MAIN.OBJ'

Total 0 error(s), Total 0 Warning(s)
