
Linker Version 8.7.7.211123
Input Object File: c:\users\user\documents\htk_project\qbell_master_mb_v1_2_f10\Output\MAIN.OBJ
Input Object File: c:\users\user\documents\htk_project\qbell_master_mb_v1_2_f10\Output\HAL_ADC.OBJ
Input Object File: c:\users\user\documents\htk_project\qbell_master_mb_v1_2_f10\Output\HAL_UART.OBJ
Input Object File: c:\users\user\documents\htk_project\qbell_master_mb_v1_2_f10\Output\HAL_GPIO.OBJ
Input Object File: c:\users\user\documents\htk_project\qbell_master_mb_v1_2_f10\Output\HAL_I2C.OBJ
Input Object File: c:\users\user\documents\htk_project\qbell_master_mb_v1_2_f10\Output\HAL_KTD.OBJ
Input Object File: c:\users\user\documents\htk_project\qbell_master_mb_v1_2_f10\Output\BC3602.OBJ
Input Object File: c:\users\user\documents\htk_project\qbell_master_mb_v1_2_f10\Output\BCH32.OBJ
Input Object File: c:\users\user\documents\htk_project\qbell_master_mb_v1_2_f10\Output\RF_API.OBJ
Input Object File: c:\users\user\documents\htk_project\qbell_master_mb_v1_2_f10\Output\SPI.OBJ
Input Object File: c:\users\user\documents\htk_project\qbell_master_mb_v1_2_f10\Output\STARTUP1_L.OBJ
Input Object File: c:\users\user\documents\htk_project\qbell_master_mb_v1_2_f10\Output\HAL_RF.OBJ
Input Object File: c:\users\user\documents\htk_project\qbell_master_mb_v1_2_f10\Output\HAL_EEPROM.OBJ
Input Object File: c:\users\user\documents\htk_project\qbell_master_mb_v1_2_f10\Output\APP.OBJ

Input Library File: C:\Program Files\Holtek MCU Development Tools\HT-IDE3000V8.x\LIB\LIBHOLTEKGCC.LIB
Input Library File: C:\Program Files\Holtek MCU Development Tools\HT-IDE3000V8.x\LIB\v3_lmrsc.lib


     Bank    Start     End      Length     Class    AvgIns    Name
     00h     0000h     0000h    0001h      CODE               @code (c:\users\user\documents\htk_project\qbell_master_mb_v1_2_f10\Output\MAIN.OBJ)
     00h     0001h     0002h    0002h      CODE               @crom (c:\users\user\documents\htk_project\qbell_master_mb_v1_2_f10\Output\RF_API.OBJ)
     00h     0003h     0003h    0001h      CODE               _uart_send (c:\users\user\documents\htk_project\qbell_master_mb_v1_2_f10\Output\HAL_UART.OBJ)
     00h     0004h     0007h    0004h      CODE               @INT0_proc_code (c:\users\user\documents\htk_project\qbell_master_mb_v1_2_f10\Output\HAL_GPIO.OBJ)
     00h     0008h     000dh    0006h      CODE               @ROMDATA_BASE (c:\users\user\documents\htk_project\qbell_master_mb_v1_2_f10\Output\STARTUP1_L.OBJ)
     00h     000eh     0013h    0006h      CODE               _lvd_init (c:\users\user\documents\htk_project\qbell_master_mb_v1_2_f10\Output\HAL_ADC.OBJ)
     00h     0014h     001bh    0008h      CODE               _lvd_read (c:\users\user\documents\htk_project\qbell_master_mb_v1_2_f10\Output\HAL_ADC.OBJ)
     00h     001ch     001fh    0004h      CODE               @TB0_proc_code (c:\users\user\documents\htk_project\qbell_master_mb_v1_2_f10\Output\HAL_RF.OBJ)
     00h     0020h     0040h    0021h      CODE               @start (c:\users\user\documents\htk_project\qbell_master_mb_v1_2_f10\Output\MAIN.OBJ)
     00h     0041h     0064h    0024h      CODE               @crom (c:\users\user\documents\htk_project\qbell_master_mb_v1_2_f10\Output\HAL_UART.OBJ)
     00h     0065h     00c1h    005dh      CODE               @crom (c:\users\user\documents\htk_project\qbell_master_mb_v1_2_f10\Output\BC3602.OBJ)
     00h     00c2h     017dh    00bch      CODE               @crom (c:\users\user\documents\htk_project\qbell_master_mb_v1_2_f10\Output\HAL_RF.OBJ)
     00h     017eh     01c7h    004ah      CODE               @crom (c:\users\user\documents\htk_project\qbell_master_mb_v1_2_f10\Output\HAL_EEPROM.OBJ)
     00h     01c8h     029dh    00d6h      CODE               @crom (c:\users\user\documents\htk_project\qbell_master_mb_v1_2_f10\Output\APP.OBJ)
     00h     029eh     02bah    001dh      CODE               _main (c:\users\user\documents\htk_project\qbell_master_mb_v1_2_f10\Output\MAIN.OBJ)
     00h     02bbh     030ch    0052h      CODE               _adc_selectChannel (c:\users\user\documents\htk_project\qbell_master_mb_v1_2_f10\Output\HAL_ADC.OBJ)
     00h     030dh     0324h    0018h      CODE               _adc_getValue (c:\users\user\documents\htk_project\qbell_master_mb_v1_2_f10\Output\HAL_ADC.OBJ)
     00h     0325h     0337h    0013h      CODE               _adc_init (c:\users\user\documents\htk_project\qbell_master_mb_v1_2_f10\Output\HAL_ADC.OBJ)
     00h     0338h     0350h    0019h      CODE               _rgb_led_ctrl (c:\users\user\documents\htk_project\qbell_master_mb_v1_2_f10\Output\HAL_ADC.OBJ)
     00h     0351h     036eh    001eh      CODE               _rgb_mode (c:\users\user\documents\htk_project\qbell_master_mb_v1_2_f10\Output\HAL_ADC.OBJ)
     00h     036fh     0417h    00a9h      CODE               _itoa (c:\users\user\documents\htk_project\qbell_master_mb_v1_2_f10\Output\HAL_UART.OBJ)
     00h     0418h     041eh    0007h      CODE               _uart_int_init (c:\users\user\documents\htk_project\qbell_master_mb_v1_2_f10\Output\HAL_UART.OBJ)
     00h     041fh     042ch    000eh      CODE               _uart_prot_init (c:\users\user\documents\htk_project\qbell_master_mb_v1_2_f10\Output\HAL_UART.OBJ)
     00h     042dh     0432h    0006h      CODE               _uart_receive (c:\users\user\documents\htk_project\qbell_master_mb_v1_2_f10\Output\HAL_UART.OBJ)
     00h     0433h     0433h    0001h      CODE               _uart_printf (c:\users\user\documents\htk_project\qbell_master_mb_v1_2_f10\Output\HAL_UART.OBJ)
     00h     0434h     0434h    0001h      CODE               _uart_int (c:\users\user\documents\htk_project\qbell_master_mb_v1_2_f10\Output\HAL_UART.OBJ)
     00h     0435h     0436h    0002h      CODE               _uart_enable (c:\users\user\documents\htk_project\qbell_master_mb_v1_2_f10\Output\HAL_UART.OBJ)
     00h     0437h     0442h    000ch      CODE               _uart_disable (c:\users\user\documents\htk_project\qbell_master_mb_v1_2_f10\Output\HAL_UART.OBJ)
     00h     0443h     044ah    0008h      CODE               _buzzer_ctrl (c:\users\user\documents\htk_project\qbell_master_mb_v1_2_f10\Output\HAL_GPIO.OBJ)
     00h     044bh     0452h    0008h      CODE               _motor_ctrl (c:\users\user\documents\htk_project\qbell_master_mb_v1_2_f10\Output\HAL_GPIO.OBJ)
     00h     0453h     0456h    0004h      CODE               _led_clear (c:\users\user\documents\htk_project\qbell_master_mb_v1_2_f10\Output\HAL_GPIO.OBJ)
     00h     0457h     046eh    0018h      CODE               _gpio_init (c:\users\user\documents\htk_project\qbell_master_mb_v1_2_f10\Output\HAL_GPIO.OBJ)
     00h     046fh     0479h    000bh      CODE               _int_init (c:\users\user\documents\htk_project\qbell_master_mb_v1_2_f10\Output\HAL_GPIO.OBJ)
     00h     047ah     047fh    0006h      CODE               _INT0_proc (c:\users\user\documents\htk_project\qbell_master_mb_v1_2_f10\Output\HAL_GPIO.OBJ)
     00h     0480h     0483h    0004h      CODE               _IIC_Init (c:\users\user\documents\htk_project\qbell_master_mb_v1_2_f10\Output\HAL_I2C.OBJ)
     00h     0484h     0493h    0010h      CODE               _IIC_Start (c:\users\user\documents\htk_project\qbell_master_mb_v1_2_f10\Output\HAL_I2C.OBJ)
     00h     0494h     04a0h    000dh      CODE               _IIC_Stop (c:\users\user\documents\htk_project\qbell_master_mb_v1_2_f10\Output\HAL_I2C.OBJ)
     00h     04a1h     04c6h    0026h      CODE               _Wr_Byte (c:\users\user\documents\htk_project\qbell_master_mb_v1_2_f10\Output\HAL_I2C.OBJ)
     00h     04c7h     04e2h    001ch      CODE               _Rd_Byte (c:\users\user\documents\htk_project\qbell_master_mb_v1_2_f10\Output\HAL_I2C.OBJ)
     00h     04e3h     04f9h    0017h      CODE               _checkAck (c:\users\user\documents\htk_project\qbell_master_mb_v1_2_f10\Output\HAL_I2C.OBJ)
     00h     04fah     050fh    0016h      CODE               _WriteI2C_Int (c:\users\user\documents\htk_project\qbell_master_mb_v1_2_f10\Output\HAL_I2C.OBJ)
     00h     0510h     052bh    001ch      CODE               _ktd_en (c:\users\user\documents\htk_project\qbell_master_mb_v1_2_f10\Output\HAL_KTD.OBJ)
     00h     052ch     053dh    0012h      CODE               _ktd_ctrl (c:\users\user\documents\htk_project\qbell_master_mb_v1_2_f10\Output\HAL_KTD.OBJ)
     00h     053eh     05aah    006dh      CODE               _ktd_clear (c:\users\user\documents\htk_project\qbell_master_mb_v1_2_f10\Output\HAL_KTD.OBJ)
     00h     05abh     062ah    0080h      CODE               _ktd_rgb_ctrl (c:\users\user\documents\htk_project\qbell_master_mb_v1_2_f10\Output\HAL_KTD.OBJ)
     00h     062bh     06b3h    0089h      CODE               _ktd_ring (c:\users\user\documents\htk_project\qbell_master_mb_v1_2_f10\Output\HAL_KTD.OBJ)
     00h     06b4h     0752h    009fh      CODE               _ktd_clockwise_ring (c:\users\user\documents\htk_project\qbell_master_mb_v1_2_f10\Output\HAL_KTD.OBJ)
     00h     0753h     07f1h    009fh      CODE               _ktd_anticlockwise_ring (c:\users\user\documents\htk_project\qbell_master_mb_v1_2_f10\Output\HAL_KTD.OBJ)
     00h     07f2h     0885h    0094h      CODE               _ktd_clockwise_ring_p1 (c:\users\user\documents\htk_project\qbell_master_mb_v1_2_f10\Output\HAL_KTD.OBJ)
     00h     0886h     0919h    0094h      CODE               _ktd_anticlockwise_ring_p1 (c:\users\user\documents\htk_project\qbell_master_mb_v1_2_f10\Output\HAL_KTD.OBJ)
     00h     091ah     092eh    0015h      CODE               _ktd_breath (c:\users\user\documents\htk_project\qbell_master_mb_v1_2_f10\Output\HAL_KTD.OBJ)
     00h     092fh     095fh    0031h      CODE               _ktd_breath_battery (c:\users\user\documents\htk_project\qbell_master_mb_v1_2_f10\Output\HAL_KTD.OBJ)
     00h     0960h     096ah    000bh      CODE               _SpiWriteRegCMD (c:\users\user\documents\htk_project\qbell_master_mb_v1_2_f10\Output\BC3602.OBJ)
     00h     096bh     0970h    0006h      CODE               _SpiWriteStrobeCMD (c:\users\user\documents\htk_project\qbell_master_mb_v1_2_f10\Output\BC3602.OBJ)
     00h     0971h     097ch    000ch      CODE               _SpiReadRegCMD (c:\users\user\documents\htk_project\qbell_master_mb_v1_2_f10\Output\BC3602.OBJ)
     00h     097dh     0991h    0015h      CODE               _RFWriteBuf (c:\users\user\documents\htk_project\qbell_master_mb_v1_2_f10\Output\BC3602.OBJ)
     00h     0992h     09adh    001ch      CODE               _RFWriteBuf2 (c:\users\user\documents\htk_project\qbell_master_mb_v1_2_f10\Output\BC3602.OBJ)
     00h     09aeh     09c8h    001bh      CODE               _RFReadBuf (c:\users\user\documents\htk_project\qbell_master_mb_v1_2_f10\Output\BC3602.OBJ)
     00h     09c9h     09e6h    001eh      CODE               _RFReadBuf2 (c:\users\user\documents\htk_project\qbell_master_mb_v1_2_f10\Output\BC3602.OBJ)
     00h     09e7h     0a01h    001bh      CODE               _WriteFIFO (c:\users\user\documents\htk_project\qbell_master_mb_v1_2_f10\Output\BC3602.OBJ)
     00h     0a02h     0a1eh    001dh      CODE               _ReadFIFO (c:\users\user\documents\htk_project\qbell_master_mb_v1_2_f10\Output\BC3602.OBJ)
     00h     0a1fh     0a27h    0009h      CODE               _RFEnATR (c:\users\user\documents\htk_project\qbell_master_mb_v1_2_f10\Output\BC3602.OBJ)
     00h     0a28h     0a30h    0009h      CODE               _RFDisATR (c:\users\user\documents\htk_project\qbell_master_mb_v1_2_f10\Output\BC3602.OBJ)
     00h     0a31h     0a36h    0006h      CODE               _RFXtalReady (c:\users\user\documents\htk_project\qbell_master_mb_v1_2_f10\Output\BC3602.OBJ)
     00h     0a37h     0a49h    0013h      CODE               _ResetLvRF (c:\users\user\documents\htk_project\qbell_master_mb_v1_2_f10\Output\BC3602.OBJ)
     00h     0a4ah     0ad8h    008fh      CODE               _BC3602_Config (c:\users\user\documents\htk_project\qbell_master_mb_v1_2_f10\Output\BC3602.OBJ)
     00h     0ad9h     0ae9h    0011h      CODE               _RFWriteSyncword (c:\users\user\documents\htk_project\qbell_master_mb_v1_2_f10\Output\BC3602.OBJ)
     00h     0aeah     0aeah    0001h      CODE               _RFReadSyncword (c:\users\user\documents\htk_project\qbell_master_mb_v1_2_f10\Output\BC3602.OBJ)
     00h     0aebh     0b33h    0049h      CODE               _RFSetDRPram (c:\users\user\documents\htk_project\qbell_master_mb_v1_2_f10\Output\BC3602.OBJ)
     00h     0b34h     0b58h    0025h      CODE               _RFWriteFreqTABLE (c:\users\user\documents\htk_project\qbell_master_mb_v1_2_f10\Output\BC3602.OBJ)
     00h     0b59h     0b86h    002eh      CODE               _RFWriteFreq (c:\users\user\documents\htk_project\qbell_master_mb_v1_2_f10\Output\BC3602.OBJ)
     00h     0b87h     0ba4h    001eh      CODE               _RFSetPower (c:\users\user\documents\htk_project\qbell_master_mb_v1_2_f10\Output\BC3602.OBJ)
     00h     0ba5h     0bb2h    000eh      CODE               _RFCalibration (c:\users\user\documents\htk_project\qbell_master_mb_v1_2_f10\Output\BC3602.OBJ)
     00h     0bb3h     0bbah    0008h      CODE               _RFGetClrRFIrq (c:\users\user\documents\htk_project\qbell_master_mb_v1_2_f10\Output\BC3602.OBJ)
     00h     0bbbh     0bbdh    0003h      CODE               _ResetTXFIFO (c:\users\user\documents\htk_project\qbell_master_mb_v1_2_f10\Output\BC3602.OBJ)
     00h     0bbeh     0bc0h    0003h      CODE               _ResetRXFIFO (c:\users\user\documents\htk_project\qbell_master_mb_v1_2_f10\Output\BC3602.OBJ)
     00h     0bc1h     0bc3h    0003h      CODE               _EntryLightSleep (c:\users\user\documents\htk_project\qbell_master_mb_v1_2_f10\Output\BC3602.OBJ)
     00h     0bc4h     0bc6h    0003h      CODE               _EntryDeepSleep (c:\users\user\documents\htk_project\qbell_master_mb_v1_2_f10\Output\BC3602.OBJ)
     00h     0bc7h     0bc9h    0003h      CODE               _EntryIdleMode (c:\users\user\documents\htk_project\qbell_master_mb_v1_2_f10\Output\BC3602.OBJ)
     00h     0bcah     0bd7h    000eh      CODE               _LircCalibration (c:\users\user\documents\htk_project\qbell_master_mb_v1_2_f10\Output\BC3602.OBJ)
     00h     0bd8h     0befh    0018h      CODE               _RF_Init (c:\users\user\documents\htk_project\qbell_master_mb_v1_2_f10\Output\BC3602.OBJ)
     00h     0bf0h     0c14h    0025h      CODE               _RF_TxCarrier (c:\users\user\documents\htk_project\qbell_master_mb_v1_2_f10\Output\BC3602.OBJ)
     00h     0c15h     0c44h    0030h      CODE               _RF_RxBER (c:\users\user\documents\htk_project\qbell_master_mb_v1_2_f10\Output\BC3602.OBJ)
     00h     0c45h     0c5ch    0018h      CODE               _RF_WriteFreq (c:\users\user\documents\htk_project\qbell_master_mb_v1_2_f10\Output\BC3602.OBJ)
     00h     0c5dh     0c65h    0009h      CODE               _RF_SetSniffPrm (c:\users\user\documents\htk_project\qbell_master_mb_v1_2_f10\Output\BC3602.OBJ)
     00h     0c66h     0c6eh    0009h      CODE               _RF_SetAddr (c:\users\user\documents\htk_project\qbell_master_mb_v1_2_f10\Output\BC3602.OBJ)
     00h     0c6fh     0c7ch    000eh      CODE               _RF_EntryRxMode (c:\users\user\documents\htk_project\qbell_master_mb_v1_2_f10\Output\BC3602.OBJ)
     00h     0c7dh     0c8fh    0013h      CODE               _RF_EntrySniffMode (c:\users\user\documents\htk_project\qbell_master_mb_v1_2_f10\Output\BC3602.OBJ)
     00h     0c90h     0ca0h    0011h      CODE               _RF_EntryWOT_Mode (c:\users\user\documents\htk_project\qbell_master_mb_v1_2_f10\Output\BC3602.OBJ)
     00h     0ca1h     0cb5h    0015h      CODE               _RF_SendData (c:\users\user\documents\htk_project\qbell_master_mb_v1_2_f10\Output\BC3602.OBJ)
     00h     0cb6h     0cbbh    0006h      CODE               _RF_ResendData (c:\users\user\documents\htk_project\qbell_master_mb_v1_2_f10\Output\BC3602.OBJ)
     00h     0cbch     0cc5h    000ah      CODE               _RF_ReadRxData (c:\users\user\documents\htk_project\qbell_master_mb_v1_2_f10\Output\BC3602.OBJ)
     00h     0cc6h     0ccah    0005h      CODE               _RFReadRssi (c:\users\user\documents\htk_project\qbell_master_mb_v1_2_f10\Output\BC3602.OBJ)
     00h     0ccbh     0cddh    0013h      CODE               _Extend_FIFO_Enable (c:\users\user\documents\htk_project\qbell_master_mb_v1_2_f10\Output\BC3602.OBJ)
     00h     0cdeh     0ceeh    0011h      CODE               _Extend_FIFO_Disable (c:\users\user\documents\htk_project\qbell_master_mb_v1_2_f10\Output\BC3602.OBJ)
     00h     0cefh     0cffh    0011h      CODE               _RFEnARK (c:\users\user\documents\htk_project\qbell_master_mb_v1_2_f10\Output\BC3602.OBJ)
     00h     0d00h     0d08h    0009h      CODE               _RFDisARK (c:\users\user\documents\htk_project\qbell_master_mb_v1_2_f10\Output\BC3602.OBJ)
     00h     0d09h     0d4eh    0046h      CODE               _CRC16_CCITT_FALSE (c:\users\user\documents\htk_project\qbell_master_mb_v1_2_f10\Output\BC3602.OBJ)
     00h     0d4fh     0d8dh    003fh      CODE               _RF_Parameter_loading (c:\users\user\documents\htk_project\qbell_master_mb_v1_2_f10\Output\RF_API.OBJ)
     00h     0d8eh     0e90h    0103h      CODE               _ExtendFIFO_TX_Process (c:\users\user\documents\htk_project\qbell_master_mb_v1_2_f10\Output\RF_API.OBJ)
     00h     0e91h     0ffch    016ch      CODE               _ExtendFIFO_RX_Process (c:\users\user\documents\htk_project\qbell_master_mb_v1_2_f10\Output\RF_API.OBJ)
     00h     0ffdh     100ch    0010h      CODE               _SpiIOInti (c:\users\user\documents\htk_project\qbell_master_mb_v1_2_f10\Output\SPI.OBJ)
     00h     100dh     100eh    0002h      CODE               _SpiCSN_low (c:\users\user\documents\htk_project\qbell_master_mb_v1_2_f10\Output\SPI.OBJ)
     00h     100fh     1010h    0002h      CODE               _SpiCSN_high (c:\users\user\documents\htk_project\qbell_master_mb_v1_2_f10\Output\SPI.OBJ)
     00h     1011h     101bh    000bh      CODE               _SpiRead (c:\users\user\documents\htk_project\qbell_master_mb_v1_2_f10\Output\SPI.OBJ)
     00h     101ch     1025h    000ah      CODE               _SpiWrite (c:\users\user\documents\htk_project\qbell_master_mb_v1_2_f10\Output\SPI.OBJ)
     00h     1026h     1038h    0013h      CODE               _fun_RamInit (c:\users\user\documents\htk_project\qbell_master_mb_v1_2_f10\Output\HAL_RF.OBJ)
     00h     1039h     1053h    001bh      CODE               _Sys_init (c:\users\user\documents\htk_project\qbell_master_mb_v1_2_f10\Output\HAL_RF.OBJ)
     00h     1054h     1059h    0006h      CODE               _RF_Process_Init (c:\users\user\documents\htk_project\qbell_master_mb_v1_2_f10\Output\HAL_RF.OBJ)
     00h     105ah     1061h    0008h      CODE               _TB0_proc (c:\users\user\documents\htk_project\qbell_master_mb_v1_2_f10\Output\HAL_RF.OBJ)
     00h     1062h     1131h    00d0h      CODE               _RF_Finished_Process (c:\users\user\documents\htk_project\qbell_master_mb_v1_2_f10\Output\HAL_RF.OBJ)
     00h     1132h     1161h    0030h      CODE               _DATA_Process (c:\users\user\documents\htk_project\qbell_master_mb_v1_2_f10\Output\HAL_RF.OBJ)
     00h     1162h     11c3h    0062h      CODE               _KEY_Process (c:\users\user\documents\htk_project\qbell_master_mb_v1_2_f10\Output\HAL_RF.OBJ)
     00h     11c4h     11dah    0017h      CODE               _System_deepsleep (c:\users\user\documents\htk_project\qbell_master_mb_v1_2_f10\Output\HAL_RF.OBJ)
     00h     11dbh     11deh    0004h      CODE               _eeprom_init (c:\users\user\documents\htk_project\qbell_master_mb_v1_2_f10\Output\HAL_EEPROM.OBJ)
     00h     11dfh     11f5h    0017h      CODE               _eeprom_write (c:\users\user\documents\htk_project\qbell_master_mb_v1_2_f10\Output\HAL_EEPROM.OBJ)
     00h     11f6h     1211h    001ch      CODE               _eeprom_read (c:\users\user\documents\htk_project\qbell_master_mb_v1_2_f10\Output\HAL_EEPROM.OBJ)
     00h     1212h     1228h    0017h      CODE               _eepromDeviceAddrRead (c:\users\user\documents\htk_project\qbell_master_mb_v1_2_f10\Output\HAL_EEPROM.OBJ)
     00h     1229h     1240h    0018h      CODE               _eepromDeviceAddrCpyRead (c:\users\user\documents\htk_project\qbell_master_mb_v1_2_f10\Output\HAL_EEPROM.OBJ)
     00h     1241h     1257h    0017h      CODE               _eepromDeviceAddrCpyWrite (c:\users\user\documents\htk_project\qbell_master_mb_v1_2_f10\Output\HAL_EEPROM.OBJ)
     00h     1258h     125eh    0007h      CODE               _eepromDeviceAddrCpyAckRead (c:\users\user\documents\htk_project\qbell_master_mb_v1_2_f10\Output\HAL_EEPROM.OBJ)
     00h     125fh     1268h    000ah      CODE               _eepromDeviceAddrCpyAckWrite (c:\users\user\documents\htk_project\qbell_master_mb_v1_2_f10\Output\HAL_EEPROM.OBJ)
     00h     1269h     127eh    0016h      CODE               _delay (c:\users\user\documents\htk_project\qbell_master_mb_v1_2_f10\Output\APP.OBJ)
     00h     127fh     12a7h    0029h      CODE               _sw0_status_check (c:\users\user\documents\htk_project\qbell_master_mb_v1_2_f10\Output\APP.OBJ)
     00h     12a8h     12feh    0057h      CODE               _sysInit (c:\users\user\documents\htk_project\qbell_master_mb_v1_2_f10\Output\APP.OBJ)
     00h     12ffh     136dh    006fh      CODE               _app_eeprom_check (c:\users\user\documents\htk_project\qbell_master_mb_v1_2_f10\Output\APP.OBJ)
     00h     136eh     147dh    0110h      CODE               _app (c:\users\user\documents\htk_project\qbell_master_mb_v1_2_f10\Output\APP.OBJ)
     00h     147eh     14b4h    0037h      CODE               _builtin_holtek_divmodhi4_isr00 (C:\Program Files\Holtek MCU Development Tools\HT-IDE3000V8.x\LIB\LIBHOLTEKGCC.LIB)
     00h     14b5h     14c7h    0013h      CODE               _builtin_holtek_mulhi3_isr00 (C:\Program Files\Holtek MCU Development Tools\HT-IDE3000V8.x\LIB\LIBHOLTEKGCC.LIB)
     00h     14c8h     14d1h    000ah      CODE               __DELAYX (C:\Program Files\Holtek MCU Development Tools\HT-IDE3000V8.x\LIB\LIBHOLTEKGCC.LIB)
     00h     14d2h     1505h    0034h      CODE               _memcmp (C:\Program Files\Holtek MCU Development Tools\HT-IDE3000V8.x\LIB\v3_lmrsc.lib)
     00h     1506h     1515h    0010h      CODE               _CROM2PROM (CROM2PROM)
     00h     0080h     0080h    0001h      DATA     226       @data_ra (C:\Program Files\Holtek MCU Development Tools\HT-IDE3000V8.x\LIB\LIBHOLTEKGCC.LIB)
     00h     0081h     0081h    0001h      DATA     146       @data_rb (C:\Program Files\Holtek MCU Development Tools\HT-IDE3000V8.x\LIB\LIBHOLTEKGCC.LIB)
     00h     0082h     0082h    0001h      DATA     137       @data_rc (C:\Program Files\Holtek MCU Development Tools\HT-IDE3000V8.x\LIB\LIBHOLTEKGCC.LIB)
     00h     0083h     0083h    0001h      DATA     52        @data_rd (C:\Program Files\Holtek MCU Development Tools\HT-IDE3000V8.x\LIB\LIBHOLTEKGCC.LIB)
     00h     0084h     0084h    0001h      DATA     39        @data_re (C:\Program Files\Holtek MCU Development Tools\HT-IDE3000V8.x\LIB\LIBHOLTEKGCC.LIB)
     00h     0085h     0085h    0001h      DATA     10        @data_rf (C:\Program Files\Holtek MCU Development Tools\HT-IDE3000V8.x\LIB\LIBHOLTEKGCC.LIB)
     00h     0086h     0086h    0001h      DATA     4         @data_rg (C:\Program Files\Holtek MCU Development Tools\HT-IDE3000V8.x\LIB\LIBHOLTEKGCC.LIB)
     00h     0087h     0087h    0001h      DATA     3         @data_rh (C:\Program Files\Holtek MCU Development Tools\HT-IDE3000V8.x\LIB\LIBHOLTEKGCC.LIB)
     00h     0088h     0088h    0001h      DATA     2         @data_r104 (isr:ra~rh)
     00h     0089h     0089h    0001h      DATA     2         @data_r204 (isr:ra~rh)
     00h     008ah     008ah    0001h      DATA     2         @data_r11c (isr:ra~rh)
     00h     008bh     008bh    0001h      DATA     2         @data_r21c (isr:ra~rh)
     00h     00adh     00adh    0001h      DATA     2         @HCCINIT_DeviceACK_Flag (c:\users\user\documents\htk_project\qbell_master_mb_v1_2_f10\Output\HAL_I2C.OBJ)
     00h     00aeh     00aeh    0001h      DATA     2         @HCCINIT_ExtTxLength (c:\users\user\documents\htk_project\qbell_master_mb_v1_2_f10\Output\BC3602.OBJ)
     00h     00afh     00afh    0001h      DATA     1         @HCCINIT_Fg_I2c_WrRd (c:\users\user\documents\htk_project\qbell_master_mb_v1_2_f10\Output\HAL_I2C.OBJ)
     00h     00b0h     00b0h    0001h      DATA     1         @HCCINIT_DeviceACK_CMD_Flag (c:\users\user\documents\htk_project\qbell_master_mb_v1_2_f10\Output\HAL_I2C.OBJ)
     00h     00b1h     00b1h    0001h      DATA     0         @HCCINIT_u16_I2cError_Cnt (c:\users\user\documents\htk_project\qbell_master_mb_v1_2_f10\Output\HAL_I2C.OBJ)
     00h     00b2h     00b2h    0001h      DATA     2         @HCCINIT0_ExtRxLength (c:\users\user\documents\htk_project\qbell_master_mb_v1_2_f10\Output\BC3602.OBJ)
     00h     00b3h     00cbh    0019h      DATA     1.4       @HCCINIT0_BC3602_T (c:\users\user\documents\htk_project\qbell_master_mb_v1_2_f10\Output\RF_API.OBJ)
     00h     00cch     00cfh    0004h      DATA     1         @HCCINIT0_mRFSync (c:\users\user\documents\htk_project\qbell_master_mb_v1_2_f10\Output\BC3602.OBJ)
     00h     00d0h     00f6h    0027h      DATA     0.9230    @HCCINIT0_intF (c:\users\user\documents\htk_project\qbell_master_mb_v1_2_f10\Output\HAL_GPIO.OBJ)
     00h     00f7h     00ffh    0009h      DATA     0.2222    @HCCINIT0_Mflag (c:\users\user\documents\htk_project\qbell_master_mb_v1_2_f10\Output\HAL_RF.OBJ)
     01h     0080h     00dfh    0060h      DATA     0.0625    @HCCINIT0_RF_TXFIFO (c:\users\user\documents\htk_project\qbell_master_mb_v1_2_f10\Output\BC3602.OBJ)
     01h     00e0h     00e1h    0002h      DATA     0         @HCCINIT0_temPtr (c:\users\user\documents\htk_project\qbell_master_mb_v1_2_f10\Output\HAL_UART.OBJ)
     01h     00e2h     00e2h    0001h      DATA     0         @HCCINIT0_ReceiveData (c:\users\user\documents\htk_project\qbell_master_mb_v1_2_f10\Output\HAL_UART.OBJ)
     01h     00e3h     00e3h    0001h      DATA     0         @HCCINIT0_u8_IIC_Count (c:\users\user\documents\htk_project\qbell_master_mb_v1_2_f10\Output\HAL_I2C.OBJ)
     01h     00e4h     00e4h    0001h      DATA     0         @HCCINIT0_u8_I2c_WrRd_1ms (c:\users\user\documents\htk_project\qbell_master_mb_v1_2_f10\Output\HAL_I2C.OBJ)
     01h     00e5h     00e5h    0001h      DATA     0         @HCCINIT0_Rx_Buff (c:\users\user\documents\htk_project\qbell_master_mb_v1_2_f10\Output\HAL_I2C.OBJ)
     01h     00e6h     00e6h    0001h      DATA     0         @HCCINIT0_RF_IRQ (c:\users\user\documents\htk_project\qbell_master_mb_v1_2_f10\Output\BC3602.OBJ)
     01h     00e7h     00eah    0004h      DATA     0         @HCCINIT0_syncword (c:\users\user\documents\htk_project\qbell_master_mb_v1_2_f10\Output\RF_API.OBJ)
     01h     00ebh     00ech    0002h      DATA     0         @HCCINIT0_Resent_Count (c:\users\user\documents\htk_project\qbell_master_mb_v1_2_f10\Output\RF_API.OBJ)
     02h     0080h     00dfh    0060h      DATA     0.0416    @HCCINIT0_RF_RXFIFO (c:\users\user\documents\htk_project\qbell_master_mb_v1_2_f10\Output\BC3602.OBJ)

     Local Sections

     Bank    Start     End      Length     Class    AvgIns    Name
     00h     00adh     00adh    0000h      LOCAL    0         @dummy (c:\users\user\documents\htk_project\qbell_master_mb_v1_2_f10\Output\MAIN.OBJ)
     00h     00adh     00adh    0000h      LOCAL    0         _main (c:\users\user\documents\htk_project\qbell_master_mb_v1_2_f10\Output\MAIN.OBJ)
     00h     008ch     008ch    0000h      LOCAL    0         _Sys_init (c:\users\user\documents\htk_project\qbell_master_mb_v1_2_f10\Output\HAL_RF.OBJ)
     00h     008ch     008ch    0000h      LOCAL    0         _fun_RamInit (c:\users\user\documents\htk_project\qbell_master_mb_v1_2_f10\Output\HAL_RF.OBJ)
     00h     00ach     00ach    0000h      LOCAL    0         _sysInit (c:\users\user\documents\htk_project\qbell_master_mb_v1_2_f10\Output\APP.OBJ)
     00h     008ch     008dh    0002h      LOCAL    32        _delay (c:\users\user\documents\htk_project\qbell_master_mb_v1_2_f10\Output\APP.OBJ)
     00h     008eh     008eh    0000h      LOCAL    0         _adc_init (c:\users\user\documents\htk_project\qbell_master_mb_v1_2_f10\Output\HAL_ADC.OBJ)
     00h     008ch     008ch    0001h      LOCAL    9         _adc_selectChannel (c:\users\user\documents\htk_project\qbell_master_mb_v1_2_f10\Output\HAL_ADC.OBJ)
     00h     008ch     008ch    0000h      LOCAL    0         _lvd_init (c:\users\user\documents\htk_project\qbell_master_mb_v1_2_f10\Output\HAL_ADC.OBJ)
     00h     008ch     008ch    0000h      LOCAL    0         _IIC_Init (c:\users\user\documents\htk_project\qbell_master_mb_v1_2_f10\Output\HAL_I2C.OBJ)
     00h     0094h     0094h    0000h      LOCAL    0         _ktd_en (c:\users\user\documents\htk_project\qbell_master_mb_v1_2_f10\Output\HAL_KTD.OBJ)
     00h     008eh     0093h    0006h      LOCAL    40        _WriteI2C_Int (c:\users\user\documents\htk_project\qbell_master_mb_v1_2_f10\Output\HAL_I2C.OBJ)
     00h     008ch     008ch    0000h      LOCAL    0         _IIC_Start (c:\users\user\documents\htk_project\qbell_master_mb_v1_2_f10\Output\HAL_I2C.OBJ)
     00h     008ch     008ch    0000h      LOCAL    0         __DELAYX (C:\Program Files\Holtek MCU Development Tools\HT-IDE3000V8.x\LIB\LIBHOLTEKGCC.LIB)
     00h     008ch     008dh    0002h      LOCAL    4         _Wr_Byte (c:\users\user\documents\htk_project\qbell_master_mb_v1_2_f10\Output\HAL_I2C.OBJ)
     00h     008ch     008ch    0000h      LOCAL    0         _checkAck (c:\users\user\documents\htk_project\qbell_master_mb_v1_2_f10\Output\HAL_I2C.OBJ)
     00h     008ch     008ch    0000h      LOCAL    0         _IIC_Stop (c:\users\user\documents\htk_project\qbell_master_mb_v1_2_f10\Output\HAL_I2C.OBJ)
     00h     0094h     0094h    0000h      LOCAL    0         _ktd_clear (c:\users\user\documents\htk_project\qbell_master_mb_v1_2_f10\Output\HAL_KTD.OBJ)
     00h     008ch     008ch    0000h      LOCAL    0         _int_init (c:\users\user\documents\htk_project\qbell_master_mb_v1_2_f10\Output\HAL_GPIO.OBJ)
     00h     008ch     008ch    0000h      LOCAL    0         _gpio_init (c:\users\user\documents\htk_project\qbell_master_mb_v1_2_f10\Output\HAL_GPIO.OBJ)
     00h     008ch     008ch    0000h      LOCAL    0         _led_clear (c:\users\user\documents\htk_project\qbell_master_mb_v1_2_f10\Output\HAL_GPIO.OBJ)
     00h     0092h     0092h    0000h      LOCAL    0         _RF_Init (c:\users\user\documents\htk_project\qbell_master_mb_v1_2_f10\Output\BC3602.OBJ)
     00h     008ch     008ch    0000h      LOCAL    0         _SpiIOInti (c:\users\user\documents\htk_project\qbell_master_mb_v1_2_f10\Output\SPI.OBJ)
     00h     008dh     008dh    0001h      LOCAL    2         _SpiWriteStrobeCMD (c:\users\user\documents\htk_project\qbell_master_mb_v1_2_f10\Output\BC3602.OBJ)
     00h     008ch     008ch    0000h      LOCAL    0         _SpiCSN_low (c:\users\user\documents\htk_project\qbell_master_mb_v1_2_f10\Output\SPI.OBJ)
     00h     008ch     008ch    0001h      LOCAL    2         _SpiWrite (c:\users\user\documents\htk_project\qbell_master_mb_v1_2_f10\Output\SPI.OBJ)
     00h     008ch     008ch    0000h      LOCAL    0         _SpiCSN_high (c:\users\user\documents\htk_project\qbell_master_mb_v1_2_f10\Output\SPI.OBJ)
     00h     008fh     008fh    0001h      LOCAL    4         _ResetLvRF (c:\users\user\documents\htk_project\qbell_master_mb_v1_2_f10\Output\BC3602.OBJ)
     00h     008dh     008eh    0002h      LOCAL    2         _SpiReadRegCMD (c:\users\user\documents\htk_project\qbell_master_mb_v1_2_f10\Output\BC3602.OBJ)
     00h     008ch     008ch    0000h      LOCAL    0         _SpiRead (c:\users\user\documents\htk_project\qbell_master_mb_v1_2_f10\Output\SPI.OBJ)
     00h     008dh     008eh    0002h      LOCAL    32        _SpiWriteRegCMD (c:\users\user\documents\htk_project\qbell_master_mb_v1_2_f10\Output\BC3602.OBJ)
     00h     008fh     0090h    0002h      LOCAL    12.5      _BC3602_Config (c:\users\user\documents\htk_project\qbell_master_mb_v1_2_f10\Output\BC3602.OBJ)
     00h     008ch     008ch    0000h      LOCAL    0         _Crom2Prom (CROM2PROM)
     00h     0092h     0092h    0000h      LOCAL    0         _RFWriteSyncword (c:\users\user\documents\htk_project\qbell_master_mb_v1_2_f10\Output\BC3602.OBJ)
     00h     008dh     0091h    0005h      LOCAL    2.4       _RFWriteBuf (c:\users\user\documents\htk_project\qbell_master_mb_v1_2_f10\Output\BC3602.OBJ)
     00h     008fh     0090h    0002h      LOCAL    2.5       _RFWriteFreqTABLE (c:\users\user\documents\htk_project\qbell_master_mb_v1_2_f10\Output\BC3602.OBJ)
     00h     008fh     0090h    0002h      LOCAL    5         _RFSetDRPram (c:\users\user\documents\htk_project\qbell_master_mb_v1_2_f10\Output\BC3602.OBJ)
     00h     008fh     0090h    0002h      LOCAL    1.5       _RFSetPower (c:\users\user\documents\htk_project\qbell_master_mb_v1_2_f10\Output\BC3602.OBJ)
     00h     008fh     008fh    0000h      LOCAL    0         _RFXtalReady (c:\users\user\documents\htk_project\qbell_master_mb_v1_2_f10\Output\BC3602.OBJ)
     00h     008fh     008fh    0000h      LOCAL    0         _RFCalibration (c:\users\user\documents\htk_project\qbell_master_mb_v1_2_f10\Output\BC3602.OBJ)
     00h     008fh     008fh    0000h      LOCAL    0         _LircCalibration (c:\users\user\documents\htk_project\qbell_master_mb_v1_2_f10\Output\BC3602.OBJ)
     00h     008fh     008fh    0001h      LOCAL    2         _RFGetClrRFIrq (c:\users\user\documents\htk_project\qbell_master_mb_v1_2_f10\Output\BC3602.OBJ)
     00h     0093h     0093h    0001h      LOCAL    2         _RF_Parameter_loading (c:\users\user\documents\htk_project\qbell_master_mb_v1_2_f10\Output\RF_API.OBJ)
     00h     008dh     0092h    0006h      LOCAL    4         _RFReadBuf2 (c:\users\user\documents\htk_project\qbell_master_mb_v1_2_f10\Output\BC3602.OBJ)
     00h     00a3h     00abh    0009h      LOCAL    7.5556    _ktd_clockwise_ring_p1 (c:\users\user\documents\htk_project\qbell_master_mb_v1_2_f10\Output\HAL_KTD.OBJ)
     00h     0094h     00a2h    000fh      LOCAL    16.4      _ktd_ring (c:\users\user\documents\htk_project\qbell_master_mb_v1_2_f10\Output\HAL_KTD.OBJ)
     00h     00a3h     00abh    0009h      LOCAL    7.5556    _ktd_anticlockwise_ring_p1 (c:\users\user\documents\htk_project\qbell_master_mb_v1_2_f10\Output\HAL_KTD.OBJ)
     00h     0092h     0092h    0000h      LOCAL    0         _app_eeprom_check (c:\users\user\documents\htk_project\qbell_master_mb_v1_2_f10\Output\APP.OBJ)
     00h     008ch     008dh    0002h      LOCAL    34        _uart_printf (c:\users\user\documents\htk_project\qbell_master_mb_v1_2_f10\Output\HAL_UART.OBJ)
     00h     0090h     0091h    0002h      LOCAL    3         _eepromDeviceAddrRead (c:\users\user\documents\htk_project\qbell_master_mb_v1_2_f10\Output\HAL_EEPROM.OBJ)
     00h     008eh     008fh    0002h      LOCAL    2         _eeprom_read (c:\users\user\documents\htk_project\qbell_master_mb_v1_2_f10\Output\HAL_EEPROM.OBJ)
     00h     0090h     0091h    0002h      LOCAL    3         _eepromDeviceAddrCpyRead (c:\users\user\documents\htk_project\qbell_master_mb_v1_2_f10\Output\HAL_EEPROM.OBJ)
     00h     008ch     0091h    0006h      LOCAL    3.3333    _memcmp (C:\Program Files\Holtek MCU Development Tools\HT-IDE3000V8.x\LIB\v3_lmrsc.lib)
     00h     008ch     008ch    0001h      LOCAL    0         _uart_send (c:\users\user\documents\htk_project\qbell_master_mb_v1_2_f10\Output\HAL_UART.OBJ)
     00h     008ch     008dh    0002h      LOCAL    3         _eeprom_write (c:\users\user\documents\htk_project\qbell_master_mb_v1_2_f10\Output\HAL_EEPROM.OBJ)
     00h     008eh     008fh    0002h      LOCAL    3         _eepromDeviceAddrCpyWrite (c:\users\user\documents\htk_project\qbell_master_mb_v1_2_f10\Output\HAL_EEPROM.OBJ)
     00h     00ach     00ach    0001h      LOCAL    10        _app (c:\users\user\documents\htk_project\qbell_master_mb_v1_2_f10\Output\APP.OBJ)
     00h     008eh     008eh    0000h      LOCAL    0         _sw0_status_check (c:\users\user\documents\htk_project\qbell_master_mb_v1_2_f10\Output\APP.OBJ)
     00h     008fh     008fh    0001h      LOCAL    0         _rgb_mode (c:\users\user\documents\htk_project\qbell_master_mb_v1_2_f10\Output\HAL_ADC.OBJ)
     00h     008ch     008eh    0003h      LOCAL    3         _rgb_led_ctrl (c:\users\user\documents\htk_project\qbell_master_mb_v1_2_f10\Output\HAL_ADC.OBJ)
     00h     0094h     0095h    0002h      LOCAL    2         _ktd_ctrl (c:\users\user\documents\htk_project\qbell_master_mb_v1_2_f10\Output\HAL_KTD.OBJ)
     00h     0094h     009bh    0008h      LOCAL    3.125     _ktd_rgb_ctrl (c:\users\user\documents\htk_project\qbell_master_mb_v1_2_f10\Output\HAL_KTD.OBJ)
     00h     008ch     008ch    0000h      LOCAL    0         _lvd_read (c:\users\user\documents\htk_project\qbell_master_mb_v1_2_f10\Output\HAL_ADC.OBJ)
     00h     0093h     0095h    0003h      LOCAL    16        _ExtendFIFO_TX_Process (c:\users\user\documents\htk_project\qbell_master_mb_v1_2_f10\Output\RF_API.OBJ)
     00h     008fh     008fh    0000h      LOCAL    0         _Extend_FIFO_Enable (c:\users\user\documents\htk_project\qbell_master_mb_v1_2_f10\Output\BC3602.OBJ)
     00h     008dh     0092h    0006h      LOCAL    5         _RFWriteBuf2 (c:\users\user\documents\htk_project\qbell_master_mb_v1_2_f10\Output\BC3602.OBJ)
     00h     0093h     0095h    0003h      LOCAL    18.667    _ExtendFIFO_RX_Process (c:\users\user\documents\htk_project\qbell_master_mb_v1_2_f10\Output\RF_API.OBJ)
     00h     008eh     008fh    0002h      LOCAL    11        _RF_Finished_Process (c:\users\user\documents\htk_project\qbell_master_mb_v1_2_f10\Output\HAL_RF.OBJ)
     00h     0094h     009dh    000ah      LOCAL    3.1       _itoa (c:\users\user\documents\htk_project\qbell_master_mb_v1_2_f10\Output\HAL_UART.OBJ)
     00h     008ch     0093h    0008h      LOCAL    5.875     _builtin_holtek_divmodhi4_isr00 (C:\Program Files\Holtek MCU Development Tools\HT-IDE3000V8.x\LIB\LIBHOLTEKGCC.LIB)
     00h     008ch     0091h    0006h      LOCAL    3.1667    _builtin_holtek_mulhi3_isr00 (C:\Program Files\Holtek MCU Development Tools\HT-IDE3000V8.x\LIB\LIBHOLTEKGCC.LIB)
     00h     008ch     008ch    0000h      LOCAL    0         _uart_enable (c:\users\user\documents\htk_project\qbell_master_mb_v1_2_f10\Output\HAL_UART.OBJ)
     00h     008ch     008ch    0000h      LOCAL    0         _uart_prot_init (c:\users\user\documents\htk_project\qbell_master_mb_v1_2_f10\Output\HAL_UART.OBJ)
     00h     008ch     008ch    0000h      LOCAL    0         _uart_int_init (c:\users\user\documents\htk_project\qbell_master_mb_v1_2_f10\Output\HAL_UART.OBJ)
     00h     008ch     008ch    0000h      LOCAL    0         @dummy4 (c:\users\user\documents\htk_project\qbell_master_mb_v1_2_f10\Output\HAL_GPIO.OBJ)
     00h     008ch     008ch    0000h      LOCAL    0         _INT0_proc (c:\users\user\documents\htk_project\qbell_master_mb_v1_2_f10\Output\HAL_GPIO.OBJ)
     00h     008ch     008ch    0000h      LOCAL    0         _Rd_Byte (c:\users\user\documents\htk_project\qbell_master_mb_v1_2_f10\Output\HAL_I2C.OBJ)
     00h     00a3h     00abh    0009h      LOCAL    4.2222    _ktd_clockwise_ring (c:\users\user\documents\htk_project\qbell_master_mb_v1_2_f10\Output\HAL_KTD.OBJ)
     00h     00a3h     00abh    0009h      LOCAL    4.2222    _ktd_anticlockwise_ring (c:\users\user\documents\htk_project\qbell_master_mb_v1_2_f10\Output\HAL_KTD.OBJ)
     00h     00a3h     00a3h    0001h      LOCAL    0         _ktd_breath (c:\users\user\documents\htk_project\qbell_master_mb_v1_2_f10\Output\HAL_KTD.OBJ)
     00h     00a3h     00a4h    0002h      LOCAL    0         _ktd_breath_battery (c:\users\user\documents\htk_project\qbell_master_mb_v1_2_f10\Output\HAL_KTD.OBJ)
     00h     008dh     0093h    0007h      LOCAL    1.8571    _RFReadBuf (c:\users\user\documents\htk_project\qbell_master_mb_v1_2_f10\Output\BC3602.OBJ)
     00h     008fh     0092h    0004h      LOCAL    3         _RFWriteFreq (c:\users\user\documents\htk_project\qbell_master_mb_v1_2_f10\Output\BC3602.OBJ)
     00h     008eh     008eh    0000h      LOCAL    0         _ResetTXFIFO (c:\users\user\documents\htk_project\qbell_master_mb_v1_2_f10\Output\BC3602.OBJ)
     00h     008eh     008eh    0000h      LOCAL    0         _ResetRXFIFO (c:\users\user\documents\htk_project\qbell_master_mb_v1_2_f10\Output\BC3602.OBJ)
     00h     008eh     008eh    0000h      LOCAL    0         _EntryLightSleep (c:\users\user\documents\htk_project\qbell_master_mb_v1_2_f10\Output\BC3602.OBJ)
     00h     008eh     008eh    0000h      LOCAL    0         _EntryDeepSleep (c:\users\user\documents\htk_project\qbell_master_mb_v1_2_f10\Output\BC3602.OBJ)
     00h     008eh     008eh    0000h      LOCAL    0         _EntryIdleMode (c:\users\user\documents\htk_project\qbell_master_mb_v1_2_f10\Output\BC3602.OBJ)
     00h     008fh     008fh    0001h      LOCAL    3         _RF_TxCarrier (c:\users\user\documents\htk_project\qbell_master_mb_v1_2_f10\Output\BC3602.OBJ)
     00h     008fh     008fh    0001h      LOCAL    2         _RF_RxBER (c:\users\user\documents\htk_project\qbell_master_mb_v1_2_f10\Output\BC3602.OBJ)
     00h     0093h     0095h    0003h      LOCAL    1.3333    _RF_WriteFreq (c:\users\user\documents\htk_project\qbell_master_mb_v1_2_f10\Output\BC3602.OBJ)
     00h     0093h     0094h    0002h      LOCAL    1         _RF_SetSniffPrm (c:\users\user\documents\htk_project\qbell_master_mb_v1_2_f10\Output\BC3602.OBJ)
     00h     0093h     0094h    0002h      LOCAL    1         _RF_SetAddr (c:\users\user\documents\htk_project\qbell_master_mb_v1_2_f10\Output\BC3602.OBJ)
     00h     008fh     008fh    0000h      LOCAL    0         _RF_EntryRxMode (c:\users\user\documents\htk_project\qbell_master_mb_v1_2_f10\Output\BC3602.OBJ)
     00h     008fh     008fh    0000h      LOCAL    0         _RFDisATR (c:\users\user\documents\htk_project\qbell_master_mb_v1_2_f10\Output\BC3602.OBJ)
     00h     008fh     008fh    0000h      LOCAL    0         _RF_EntrySniffMode (c:\users\user\documents\htk_project\qbell_master_mb_v1_2_f10\Output\BC3602.OBJ)
     00h     008fh     008fh    0000h      LOCAL    0         _RFEnATR (c:\users\user\documents\htk_project\qbell_master_mb_v1_2_f10\Output\BC3602.OBJ)
     00h     008fh     008fh    0000h      LOCAL    0         _RF_EntryWOT_Mode (c:\users\user\documents\htk_project\qbell_master_mb_v1_2_f10\Output\BC3602.OBJ)
     00h     0092h     0092h    0000h      LOCAL    0         _RF_SendData (c:\users\user\documents\htk_project\qbell_master_mb_v1_2_f10\Output\BC3602.OBJ)
     00h     008dh     0091h    0005h      LOCAL    3.2       _WriteFIFO (c:\users\user\documents\htk_project\qbell_master_mb_v1_2_f10\Output\BC3602.OBJ)
     00h     008fh     008fh    0000h      LOCAL    0         _RF_ResendData (c:\users\user\documents\htk_project\qbell_master_mb_v1_2_f10\Output\BC3602.OBJ)
     00h     0092h     0092h    0000h      LOCAL    0         _RF_ReadRxData (c:\users\user\documents\htk_project\qbell_master_mb_v1_2_f10\Output\BC3602.OBJ)
     00h     008dh     0091h    0005h      LOCAL    3.2       _ReadFIFO (c:\users\user\documents\htk_project\qbell_master_mb_v1_2_f10\Output\BC3602.OBJ)
     00h     008fh     008fh    0000h      LOCAL    0         _RFReadRssi (c:\users\user\documents\htk_project\qbell_master_mb_v1_2_f10\Output\BC3602.OBJ)
     00h     008fh     008fh    0000h      LOCAL    0         _Extend_FIFO_Disable (c:\users\user\documents\htk_project\qbell_master_mb_v1_2_f10\Output\BC3602.OBJ)
     00h     008fh     008fh    0000h      LOCAL    0         _RFEnARK (c:\users\user\documents\htk_project\qbell_master_mb_v1_2_f10\Output\BC3602.OBJ)
     00h     008fh     008fh    0000h      LOCAL    0         _RFDisARK (c:\users\user\documents\htk_project\qbell_master_mb_v1_2_f10\Output\BC3602.OBJ)
     00h     008ch     0093h    0008h      LOCAL    1.875     _CRC16_CCITT_FALSE (c:\users\user\documents\htk_project\qbell_master_mb_v1_2_f10\Output\BC3602.OBJ)
     00h     0094h     0094h    0000h      LOCAL    0         _RF_Process_Init (c:\users\user\documents\htk_project\qbell_master_mb_v1_2_f10\Output\HAL_RF.OBJ)
     00h     008ch     008ch    0000h      LOCAL    0         @dummy28 (c:\users\user\documents\htk_project\qbell_master_mb_v1_2_f10\Output\HAL_RF.OBJ)
     00h     008ch     008ch    0000h      LOCAL    0         _TB0_proc (c:\users\user\documents\htk_project\qbell_master_mb_v1_2_f10\Output\HAL_RF.OBJ)
     00h     0092h     0092h    0001h      LOCAL    0         _KEY_Process (c:\users\user\documents\htk_project\qbell_master_mb_v1_2_f10\Output\HAL_RF.OBJ)
     00h     008eh     0091h    0004h      LOCAL    5.5       _DATA_Process (c:\users\user\documents\htk_project\qbell_master_mb_v1_2_f10\Output\HAL_RF.OBJ)
     00h     0090h     0090h    0000h      LOCAL    0         _eepromDeviceAddrCpyAckRead (c:\users\user\documents\htk_project\qbell_master_mb_v1_2_f10\Output\HAL_EEPROM.OBJ)
     00h     008eh     008eh    0001h      LOCAL    0         _eepromDeviceAddrCpyAckWrite (c:\users\user\documents\htk_project\qbell_master_mb_v1_2_f10\Output\HAL_EEPROM.OBJ)

     Indepentent Local Sections

     Bank    Start     End      Length     Class    AvgIns    Name
     00h     008ch     008ch    0000h      ILOCAL   0         _adc_getValue (c:\users\user\documents\htk_project\qbell_master_mb_v1_2_f10\Output\HAL_ADC.OBJ)
     00h     008ch     008ch    0000h      ILOCAL   0         _uart_receive (c:\users\user\documents\htk_project\qbell_master_mb_v1_2_f10\Output\HAL_UART.OBJ)
     00h     008ch     008dh    0002h      ILOCAL   0         _uart_int (c:\users\user\documents\htk_project\qbell_master_mb_v1_2_f10\Output\HAL_UART.OBJ)
     00h     008ch     008ch    0000h      ILOCAL   0         _uart_disable (c:\users\user\documents\htk_project\qbell_master_mb_v1_2_f10\Output\HAL_UART.OBJ)
     00h     008ch     008ch    0001h      ILOCAL   1         _buzzer_ctrl (c:\users\user\documents\htk_project\qbell_master_mb_v1_2_f10\Output\HAL_GPIO.OBJ)
     00h     008ch     008ch    0001h      ILOCAL   1         _motor_ctrl (c:\users\user\documents\htk_project\qbell_master_mb_v1_2_f10\Output\HAL_GPIO.OBJ)
     00h     008ch     008ch    0000h      ILOCAL   0         _RFReadSyncword (c:\users\user\documents\htk_project\qbell_master_mb_v1_2_f10\Output\BC3602.OBJ)
     00h     008ch     008ch    0000h      ILOCAL   0         _System_deepsleep (c:\users\user\documents\htk_project\qbell_master_mb_v1_2_f10\Output\HAL_RF.OBJ)
     00h     008ch     008ch    0000h      ILOCAL   0         _eeprom_init (c:\users\user\documents\htk_project\qbell_master_mb_v1_2_f10\Output\HAL_EEPROM.OBJ)

     Public Symbols Information
     Address            Public by Name
     00a4h              _BANK0_REGS_TALBE
     00a0h              _BANK1_REGS_TALBE
     0098h              _BANK2_REGS_TALBE
     0a4ah              _BC3602_Config
     0096h              _BC3602_SYNCWORD
     00b3h              _BC3602_T
     0171h              _BC3602_pn9_dataM
     0065h              _CBPF_REGS_TALBE
     00afh              _COMMON_REGS_TALBE
     0d09h              _CRC16_CCITT_FALSE
     1507h              _Crom2Prom
     1506h              _Crom2PromNext
     1132h              _DATA_Process
     007bh              _DM_REGS_TALBE
     00b0h              _DeviceACK_CMD_Flag
     00adh              _DeviceACK_Flag
     0bc4h              _EntryDeepSleep
     0bc7h              _EntryIdleMode
     0bc1h              _EntryLightSleep
     00b2h              _ExtRxLength
     00aeh              _ExtTxLength
     0e91h              _ExtendFIFO_RX_Process
     0d8eh              _ExtendFIFO_TX_Process
     0cdeh              _Extend_FIFO_Disable
     0ccbh              _Extend_FIFO_Enable
     0068h              _FCF_REGS_TALBE
     00afh              _Fg_I2c_WrRd
     0086h              _Frequency_REGS_TALBE
     0480h              _IIC_Init
     0484h              _IIC_Start
     0494h              _IIC_Stop
     047ah              _INT0_proc
     00bbh              _IRQIO_REGS_TALBE
     1162h              _KEY_Process
     0bcah              _LircCalibration
     00f7h              _Mflag
     00b0h              _PACKET_REGS_TALBE
     0ba5h              _RFCalibration
     0d00h              _RFDisARK
     0a28h              _RFDisATR
     0cefh              _RFEnARK
     0a1fh              _RFEnATR
     0bb3h              _RFGetClrRFIrq
     09aeh              _RFReadBuf
     09c9h              _RFReadBuf2
     0cc6h              _RFReadRssi
     0aeah              _RFReadSyncword
     0aebh              _RFSetDRPram
     0b87h              _RFSetPower
     097dh              _RFWriteBuf
     0992h              _RFWriteBuf2
     0b59h              _RFWriteFreq
     0b34h              _RFWriteFreqTABLE
     0ad9h              _RFWriteSyncword
     0a31h              _RFXtalReady
     0c6fh              _RF_EntryRxMode
     0c7dh              _RF_EntrySniffMode
     0c90h              _RF_EntryWOT_Mode
     1062h              _RF_Finished_Process
     01e6h              _RF_IRQ
     0bd8h              _RF_Init
     0d4fh              _RF_Parameter_loading
     1054h              _RF_Process_Init
     0280h              _RF_RXFIFO
     0cbch              _RF_ReadRxData
     0cb6h              _RF_ResendData
     0c15h              _RF_RxBER
     0ca1h              _RF_SendData
     0c66h              _RF_SetAddr
     0c5dh              _RF_SetSniffPrm
     0180h              _RF_TXFIFO
     0bf0h              _RF_TxCarrier
     0c45h              _RF_WriteFreq
     04c7h              _Rd_Byte
     0a02h              _ReadFIFO
     01e2h              _ReceiveData
     01ebh              _Resent_Count
     0a37h              _ResetLvRF
     0bbeh              _ResetRXFIFO
     0bbbh              _ResetTXFIFO
     01e5h              _Rx_Buff
     100fh              _SpiCSN_high
     100dh              _SpiCSN_low
     0ffdh              _SpiIOInti
     1011h              _SpiRead
     0971h              _SpiReadRegCMD
     101ch              _SpiWrite
     0960h              _SpiWriteRegCMD
     096bh              _SpiWriteStrobeCMD
     1039h              _Sys_init
     11c4h              _System_deepsleep
     105ah              _TB0_proc
     008ah              _TxPowerValue
     04a1h              _Wr_Byte
     09e7h              _WriteFIFO
     04fah              _WriteI2C_Int
     0090h              _WriteI2C_Int_2
     14cbh              __DELAYX0
     14cah              __DELAYX1
     14cah              __DELAYX2
     14c9h              __DELAYX3
     14c9h              __DELAYX4
     14c8h              __DELAYX5
     14c8h              __DELAYX6
     030dh              _adc_getValue
     0325h              _adc_init
     02bbh              _adc_selectChannel
     136eh              _app
     12ffh              _app_eeprom_check
     147eh              _builtin_holtek_divmodhi4_isr00
     14b5h              _builtin_holtek_mulhi3_isr00
     1487h              _builtin_holtek_udivmodhi4_isr00
     0443h              _buzzer_ctrl
     04e3h              _checkAck
     1269h              _delay
     1258h              _eepromDeviceAddrCpyAckRead
     125fh              _eepromDeviceAddrCpyAckWrite
     1229h              _eepromDeviceAddrCpyRead
     1241h              _eepromDeviceAddrCpyWrite
     1212h              _eepromDeviceAddrRead
     11dbh              _eeprom_init
     11f6h              _eeprom_read
     11dfh              _eeprom_write
     1026h              _fun_RamInit
     0457h              _gpio_init
     00d0h              _intF
     046fh              _int_init
     036fh              _itoa
     0094h              _itoa_2
     0753h              _ktd_anticlockwise_ring
     0886h              _ktd_anticlockwise_ring_p1
     091ah              _ktd_breath
     092fh              _ktd_breath_battery
     053eh              _ktd_clear
     06b4h              _ktd_clockwise_ring
     00a3h              _ktd_clockwise_ring_2
     07f2h              _ktd_clockwise_ring_p1
     052ch              _ktd_ctrl
     0510h              _ktd_en
     05abh              _ktd_rgb_ctrl
     062bh              _ktd_ring
     009eh              _ktd_ring_2
     0453h              _led_clear
     000eh              _lvd_init
     0014h              _lvd_read
     00cch              _mRFSync
     029eh              _main
     0001h              _margin_len
     14d2h              _memcmp
     044bh              _motor_ctrl
     0338h              _rgb_led_ctrl
     008dh              _rgb_led_ctrl_2
     0351h              _rgb_mode
     127fh              _sw0_status_check
     01e7h              _syncword
     12a8h              _sysInit
     01e0h              _temPtr
     00b1h              _u16_I2cError_Cnt
     01e4h              _u8_I2c_WrRd_1ms
     01e3h              _u8_IIC_Count
     0437h              _uart_disable
     0435h              _uart_enable
     0434h              _uart_int
     0418h              _uart_int_init
     0433h              _uart_printf
     041fh              _uart_prot_init
     042dh              _uart_receive
     0003h              _uart_send
     0088h              r104
     008ah              r11c
     0089h              r204
     008bh              r21c
     0080h              ra
     0081h              rb
     0082h              rc
     0083h              rd
     0084h              re
     0085h              rf
     0086h              rg
     0087h              rh
     0008h              startup_value_1

     Address            Public by Value
     0001h              _margin_len
     0003h              _uart_send
     0008h              startup_value_1
     000eh              _lvd_init
     0014h              _lvd_read
     0065h              _CBPF_REGS_TALBE
     0068h              _FCF_REGS_TALBE
     007bh              _DM_REGS_TALBE
     0080h              ra
     0081h              rb
     0082h              rc
     0083h              rd
     0084h              re
     0085h              rf
     0086h              rg
     0086h              _Frequency_REGS_TALBE
     0087h              rh
     0088h              r104
     0089h              r204
     008ah              _TxPowerValue
     008ah              r11c
     008bh              r21c
     008dh              _rgb_led_ctrl_2
     0090h              _WriteI2C_Int_2
     0094h              _itoa_2
     0096h              _BC3602_SYNCWORD
     0098h              _BANK2_REGS_TALBE
     009eh              _ktd_ring_2
     00a0h              _BANK1_REGS_TALBE
     00a3h              _ktd_clockwise_ring_2
     00a4h              _BANK0_REGS_TALBE
     00adh              _DeviceACK_Flag
     00aeh              _ExtTxLength
     00afh              _COMMON_REGS_TALBE
     00afh              _Fg_I2c_WrRd
     00b0h              _PACKET_REGS_TALBE
     00b0h              _DeviceACK_CMD_Flag
     00b1h              _u16_I2cError_Cnt
     00b2h              _ExtRxLength
     00b3h              _BC3602_T
     00bbh              _IRQIO_REGS_TALBE
     00cch              _mRFSync
     00d0h              _intF
     00f7h              _Mflag
     0171h              _BC3602_pn9_dataM
     0180h              _RF_TXFIFO
     01e0h              _temPtr
     01e2h              _ReceiveData
     01e3h              _u8_IIC_Count
     01e4h              _u8_I2c_WrRd_1ms
     01e5h              _Rx_Buff
     01e6h              _RF_IRQ
     01e7h              _syncword
     01ebh              _Resent_Count
     0280h              _RF_RXFIFO
     029eh              _main
     02bbh              _adc_selectChannel
     030dh              _adc_getValue
     0325h              _adc_init
     0338h              _rgb_led_ctrl
     0351h              _rgb_mode
     036fh              _itoa
     0418h              _uart_int_init
     041fh              _uart_prot_init
     042dh              _uart_receive
     0433h              _uart_printf
     0434h              _uart_int
     0435h              _uart_enable
     0437h              _uart_disable
     0443h              _buzzer_ctrl
     044bh              _motor_ctrl
     0453h              _led_clear
     0457h              _gpio_init
     046fh              _int_init
     047ah              _INT0_proc
     0480h              _IIC_Init
     0484h              _IIC_Start
     0494h              _IIC_Stop
     04a1h              _Wr_Byte
     04c7h              _Rd_Byte
     04e3h              _checkAck
     04fah              _WriteI2C_Int
     0510h              _ktd_en
     052ch              _ktd_ctrl
     053eh              _ktd_clear
     05abh              _ktd_rgb_ctrl
     062bh              _ktd_ring
     06b4h              _ktd_clockwise_ring
     0753h              _ktd_anticlockwise_ring
     07f2h              _ktd_clockwise_ring_p1
     0886h              _ktd_anticlockwise_ring_p1
     091ah              _ktd_breath
     092fh              _ktd_breath_battery
     0960h              _SpiWriteRegCMD
     096bh              _SpiWriteStrobeCMD
     0971h              _SpiReadRegCMD
     097dh              _RFWriteBuf
     0992h              _RFWriteBuf2
     09aeh              _RFReadBuf
     09c9h              _RFReadBuf2
     09e7h              _WriteFIFO
     0a02h              _ReadFIFO
     0a1fh              _RFEnATR
     0a28h              _RFDisATR
     0a31h              _RFXtalReady
     0a37h              _ResetLvRF
     0a4ah              _BC3602_Config
     0ad9h              _RFWriteSyncword
     0aeah              _RFReadSyncword
     0aebh              _RFSetDRPram
     0b34h              _RFWriteFreqTABLE
     0b59h              _RFWriteFreq
     0b87h              _RFSetPower
     0ba5h              _RFCalibration
     0bb3h              _RFGetClrRFIrq
     0bbbh              _ResetTXFIFO
     0bbeh              _ResetRXFIFO
     0bc1h              _EntryLightSleep
     0bc4h              _EntryDeepSleep
     0bc7h              _EntryIdleMode
     0bcah              _LircCalibration
     0bd8h              _RF_Init
     0bf0h              _RF_TxCarrier
     0c15h              _RF_RxBER
     0c45h              _RF_WriteFreq
     0c5dh              _RF_SetSniffPrm
     0c66h              _RF_SetAddr
     0c6fh              _RF_EntryRxMode
     0c7dh              _RF_EntrySniffMode
     0c90h              _RF_EntryWOT_Mode
     0ca1h              _RF_SendData
     0cb6h              _RF_ResendData
     0cbch              _RF_ReadRxData
     0cc6h              _RFReadRssi
     0ccbh              _Extend_FIFO_Enable
     0cdeh              _Extend_FIFO_Disable
     0cefh              _RFEnARK
     0d00h              _RFDisARK
     0d09h              _CRC16_CCITT_FALSE
     0d4fh              _RF_Parameter_loading
     0d8eh              _ExtendFIFO_TX_Process
     0e91h              _ExtendFIFO_RX_Process
     0ffdh              _SpiIOInti
     100dh              _SpiCSN_low
     100fh              _SpiCSN_high
     1011h              _SpiRead
     101ch              _SpiWrite
     1026h              _fun_RamInit
     1039h              _Sys_init
     1054h              _RF_Process_Init
     105ah              _TB0_proc
     1062h              _RF_Finished_Process
     1132h              _DATA_Process
     1162h              _KEY_Process
     11c4h              _System_deepsleep
     11dbh              _eeprom_init
     11dfh              _eeprom_write
     11f6h              _eeprom_read
     1212h              _eepromDeviceAddrRead
     1229h              _eepromDeviceAddrCpyRead
     1241h              _eepromDeviceAddrCpyWrite
     1258h              _eepromDeviceAddrCpyAckRead
     125fh              _eepromDeviceAddrCpyAckWrite
     1269h              _delay
     127fh              _sw0_status_check
     12a8h              _sysInit
     12ffh              _app_eeprom_check
     136eh              _app
     147eh              _builtin_holtek_divmodhi4_isr00
     1487h              _builtin_holtek_udivmodhi4_isr00
     14b5h              _builtin_holtek_mulhi3_isr00
     14c8h              __DELAYX5
     14c8h              __DELAYX6
     14c9h              __DELAYX3
     14c9h              __DELAYX4
     14cah              __DELAYX1
     14cah              __DELAYX2
     14cbh              __DELAYX0
     14d2h              _memcmp
     1506h              _Crom2PromNext
     1507h              _Crom2Prom


ROM Usage Statistics
     Size      Used     Percentage
     2000h     1516h    65%

RAM Usage Statistics
    Bank      Size      Used     Percentage
     00h       0080h     0080h    100%
     01h       0080h     006dh    85%
     02h       0080h     0060h    75%
     03h       0080h     0000h    0%
     Total     0200h     014dh    65%

Use Stack Count
_main: 6
_itoa: 1
_uart_enable: 2
_INT0_proc: 0
_Rd_Byte: 1
_ktd_clockwise_ring: 4
_ktd_anticlockwise_ring: 4
_ktd_breath: 4
_ktd_breath_battery: 4
_RFReadBuf: 1
_RFWriteFreq: 2
_ResetTXFIFO: 2
_ResetRXFIFO: 2
_EntryLightSleep: 2
_EntryDeepSleep: 2
_EntryIdleMode: 2
_RF_TxCarrier: 3
_RF_RxBER: 3
_RF_WriteFreq: 2
_RF_SetSniffPrm: 2
_RF_SetAddr: 2
_RF_EntryRxMode: 3
_RF_EntrySniffMode: 3
_RF_EntryWOT_Mode: 3
_RF_SendData: 3
_RF_ResendData: 3
_RF_ReadRxData: 2
_RFReadRssi: 2
_Extend_FIFO_Disable: 2
_RFEnARK: 2
_RFDisARK: 2
_CRC16_CCITT_FALSE: 1
_RF_Process_Init: 4
_TB0_proc: 0
_KEY_Process: 2
_eepromDeviceAddrCpyAckRead: 2
_eepromDeviceAddrCpyAckWrite: 1

Call Tree
    @dummy
        _main (0)
            _Sys_init (1)
                _fun_RamInit (2)
            _sysInit (1)
                _delay (2)
                _adc_init (2)
                    _adc_selectChannel (3)
                    _lvd_init (3)
                    _delay (3)
                _IIC_Init (2)
                _ktd_en (2)
                    _WriteI2C_Int (3)
                        _IIC_Start (4)
                            __DELAYX (5)
                        _Wr_Byte (4)
                            __DELAYX (5)
                        _checkAck (4)
                            __DELAYX (5)
                        _IIC_Stop (4)
                            __DELAYX (5)
                    _delay (3)
                _ktd_clear (2)
                    _WriteI2C_Int (3)
                        _IIC_Start (4)
                            __DELAYX (5)
                        _Wr_Byte (4)
                            __DELAYX (5)
                        _checkAck (4)
                            __DELAYX (5)
                        _IIC_Stop (4)
                            __DELAYX (5)
                _int_init (2)
                    _gpio_init (3)
                        _led_clear (4)
                _RF_Init (2)
                    _SpiIOInti (3)
                    _SpiWriteStrobeCMD (3)
                        _SpiCSN_low (4)
                        _SpiWrite (4)
                        _SpiCSN_high (4)
                    _ResetLvRF (3)
                        _SpiReadRegCMD (4)
                            _SpiCSN_low (5)
                            _SpiWrite (5)
                            _SpiRead (5)
                            _SpiCSN_high (5)
                        _SpiWriteRegCMD (4)
                            _SpiCSN_low (5)
                            _SpiWrite (5)
                            _SpiCSN_high (5)
                    _BC3602_Config (3)
                        _Crom2Prom (4)
                        _Crom2Prom (4)
                        _SpiWriteRegCMD (4)
                            _SpiCSN_low (5)
                            _SpiWrite (5)
                            _SpiCSN_high (5)
                        _SpiWriteStrobeCMD (4)
                            _SpiCSN_low (5)
                            _SpiWrite (5)
                            _SpiCSN_high (5)
                    _RFWriteSyncword (3)
                        _RFWriteBuf (4)
                            _SpiCSN_low (5)
                            _SpiWrite (5)
                            _Crom2Prom (5)
                            _SpiCSN_high (5)
                    _RFWriteFreqTABLE (3)
                        _SpiReadRegCMD (4)
                            _SpiCSN_low (5)
                            _SpiWrite (5)
                            _SpiRead (5)
                            _SpiCSN_high (5)
                        _SpiWriteRegCMD (4)
                            _SpiCSN_low (5)
                            _SpiWrite (5)
                            _SpiCSN_high (5)
                        _Crom2Prom (4)
                        _Crom2Prom (4)
                    _RFSetDRPram (3)
                        _SpiWriteStrobeCMD (4)
                            _SpiCSN_low (5)
                            _SpiWrite (5)
                            _SpiCSN_high (5)
                        _Crom2Prom (4)
                        _Crom2Prom (4)
                        _SpiWriteRegCMD (4)
                            _SpiCSN_low (5)
                            _SpiWrite (5)
                            _SpiCSN_high (5)
                    _RFSetPower (3)
                        _Crom2Prom (4)
                        _SpiWriteRegCMD (4)
                            _SpiCSN_low (5)
                            _SpiWrite (5)
                            _SpiCSN_high (5)
                    _RFXtalReady (3)
                        _SpiReadRegCMD (4)
                            _SpiCSN_low (5)
                            _SpiWrite (5)
                            _SpiRead (5)
                            _SpiCSN_high (5)
                    _RFCalibration (3)
                        _SpiReadRegCMD (4)
                            _SpiCSN_low (5)
                            _SpiWrite (5)
                            _SpiRead (5)
                            _SpiCSN_high (5)
                        _SpiWriteRegCMD (4)
                            _SpiCSN_low (5)
                            _SpiWrite (5)
                            _SpiCSN_high (5)
                    _LircCalibration (3)
                        _SpiReadRegCMD (4)
                            _SpiCSN_low (5)
                            _SpiWrite (5)
                            _SpiRead (5)
                            _SpiCSN_high (5)
                        _SpiWriteRegCMD (4)
                            _SpiCSN_low (5)
                            _SpiWrite (5)
                            _SpiCSN_high (5)
                    _RFGetClrRFIrq (3)
                        _SpiReadRegCMD (4)
                            _SpiCSN_low (5)
                            _SpiWrite (5)
                            _SpiRead (5)
                            _SpiCSN_high (5)
                        _SpiWriteRegCMD (4)
                            _SpiCSN_low (5)
                            _SpiWrite (5)
                            _SpiCSN_high (5)
                _RF_Parameter_loading (2)
                    _SpiWriteStrobeCMD (3)
                        _SpiCSN_low (4)
                        _SpiWrite (4)
                        _SpiCSN_high (4)
                    _RFReadBuf2 (3)
                        _SpiCSN_low (4)
                        _SpiWrite (4)
                        _SpiRead (4)
                        _SpiCSN_high (4)
                    _SpiReadRegCMD (3)
                        _SpiCSN_low (4)
                        _SpiWrite (4)
                        _SpiRead (4)
                        _SpiCSN_high (4)
                _SpiWriteRegCMD (2)
                    _SpiCSN_low (3)
                    _SpiWrite (3)
                    _SpiCSN_high (3)
                _ktd_clockwise_ring_p1 (2)
                    _ktd_ring (3)
                        _WriteI2C_Int (4)
                            _IIC_Start (5)
                                __DELAYX (6)
                            _Wr_Byte (5)
                                __DELAYX (6)
                            _checkAck (5)
                                __DELAYX (6)
                            _IIC_Stop (5)
                                __DELAYX (6)
                    _delay (3)
                _ktd_anticlockwise_ring_p1 (2)
                    _ktd_ring (3)
                        _WriteI2C_Int (4)
                            _IIC_Start (5)
                                __DELAYX (6)
                            _Wr_Byte (5)
                                __DELAYX (6)
                            _checkAck (5)
                                __DELAYX (6)
                            _IIC_Stop (5)
                                __DELAYX (6)
                    _delay (3)
            _app_eeprom_check (1)
                _uart_printf (2)
                _eepromDeviceAddrRead (2)
                    _eeprom_read (3)
                        _delay (4)
                    _uart_printf (3)
                _eepromDeviceAddrCpyRead (2)
                    _eeprom_read (3)
                        _delay (4)
                    _uart_printf (3)
                _memcmp (2)
                    _Crom2Prom (3)
                _uart_send (2)
                _eeprom_write (2)
                _delay (2)
                _eepromDeviceAddrCpyWrite (2)
                    _Crom2Prom (3)
                    _eeprom_write (3)
                    _uart_printf (3)
            _app (1)
                _uart_printf (2)
                _sw0_status_check (2)
                    _uart_printf (3)
                    _delay (3)
                _ktd_en (2)
                    _WriteI2C_Int (3)
                        _IIC_Start (4)
                            __DELAYX (5)
                        _Wr_Byte (4)
                            __DELAYX (5)
                        _checkAck (4)
                            __DELAYX (5)
                        _IIC_Stop (4)
                            __DELAYX (5)
                    _delay (3)
                _ktd_clear (2)
                    _WriteI2C_Int (3)
                        _IIC_Start (4)
                            __DELAYX (5)
                        _Wr_Byte (4)
                            __DELAYX (5)
                        _checkAck (4)
                            __DELAYX (5)
                        _IIC_Stop (4)
                            __DELAYX (5)
                _rgb_mode (2)
                    _rgb_led_ctrl (3)
                _delay (2)
                _led_clear (2)
                _ktd_clockwise_ring_p1 (2)
                    _ktd_ring (3)
                        _WriteI2C_Int (4)
                            _IIC_Start (5)
                                __DELAYX (6)
                            _Wr_Byte (5)
                                __DELAYX (6)
                            _checkAck (5)
                                __DELAYX (6)
                            _IIC_Stop (5)
                                __DELAYX (6)
                    _delay (3)
                _ktd_anticlockwise_ring_p1 (2)
                    _ktd_ring (3)
                        _WriteI2C_Int (4)
                            _IIC_Start (5)
                                __DELAYX (6)
                            _Wr_Byte (5)
                                __DELAYX (6)
                            _checkAck (5)
                                __DELAYX (6)
                            _IIC_Stop (5)
                                __DELAYX (6)
                    _delay (3)
                _ktd_ctrl (2)
                    _WriteI2C_Int (3)
                        _IIC_Start (4)
                            __DELAYX (5)
                        _Wr_Byte (4)
                            __DELAYX (5)
                        _checkAck (4)
                            __DELAYX (5)
                        _IIC_Stop (4)
                            __DELAYX (5)
                    _delay (3)
                _ktd_rgb_ctrl (2)
                    _WriteI2C_Int (3)
                        _IIC_Start (4)
                            __DELAYX (5)
                        _Wr_Byte (4)
                            __DELAYX (5)
                        _checkAck (4)
                            __DELAYX (5)
                        _IIC_Stop (4)
                            __DELAYX (5)
                _lvd_read (2)
                _ExtendFIFO_TX_Process (2)
                    _Crom2Prom (3)
                    _SpiWriteStrobeCMD (3)
                        _SpiCSN_low (4)
                        _SpiWrite (4)
                        _SpiCSN_high (4)
                    _Extend_FIFO_Enable (3)
                        _SpiReadRegCMD (4)
                            _SpiCSN_low (5)
                            _SpiWrite (5)
                            _SpiRead (5)
                            _SpiCSN_high (5)
                        _SpiWriteRegCMD (4)
                            _SpiCSN_low (5)
                            _SpiWrite (5)
                            _SpiCSN_high (5)
                    _SpiReadRegCMD (3)
                        _SpiCSN_low (4)
                        _SpiWrite (4)
                        _SpiRead (4)
                        _SpiCSN_high (4)
                    _SpiWriteRegCMD (3)
                        _SpiCSN_low (4)
                        _SpiWrite (4)
                        _SpiCSN_high (4)
                    _Crom2Prom (3)
                    _RFWriteBuf2 (3)
                        _SpiCSN_low (4)
                        _SpiWrite (4)
                        _Crom2Prom (4)
                        _SpiCSN_high (4)
                _ExtendFIFO_RX_Process (2)
                    _Crom2Prom (3)
                    _SpiWriteStrobeCMD (3)
                        _SpiCSN_low (4)
                        _SpiWrite (4)
                        _SpiCSN_high (4)
                    _SpiReadRegCMD (3)
                        _SpiCSN_low (4)
                        _SpiWrite (4)
                        _SpiRead (4)
                        _SpiCSN_high (4)
                    _SpiWriteRegCMD (3)
                        _SpiCSN_low (4)
                        _SpiWrite (4)
                        _SpiCSN_high (4)
                    _Crom2Prom (3)
                    _RFReadBuf2 (3)
                        _SpiCSN_low (4)
                        _SpiWrite (4)
                        _SpiRead (4)
                        _SpiCSN_high (4)
                _RF_Finished_Process (2)
                    _Crom2Prom (3)
                    _uart_printf (3)
            _ktd_ctrl (1)
                _WriteI2C_Int (2)
                    _IIC_Start (3)
                        __DELAYX (4)
                    _Wr_Byte (3)
                        __DELAYX (4)
                    _checkAck (3)
                        __DELAYX (4)
                    _IIC_Stop (3)
                        __DELAYX (4)
                _delay (2)
            _ktd_rgb_ctrl (1)
                _WriteI2C_Int (2)
                    _IIC_Start (3)
                        __DELAYX (4)
                    _Wr_Byte (3)
                        __DELAYX (4)
                    _checkAck (3)
                        __DELAYX (4)
                    _IIC_Stop (3)
                        __DELAYX (4)
            _delay (1)
            _ktd_clear (1)
                _WriteI2C_Int (2)
                    _IIC_Start (3)
                        __DELAYX (4)
                    _Wr_Byte (3)
                        __DELAYX (4)
                    _checkAck (3)
                        __DELAYX (4)
                    _IIC_Stop (3)
                        __DELAYX (4)
    _itoa
        _builtin_holtek_divmodhi4_isr00 (0)
        _builtin_holtek_mulhi3_isr00 (0)
        _Crom2Prom (0)
    _uart_enable
        _uart_prot_init (0)
            _uart_int_init (1)
    @dummy4
        _INT0_proc (0)
    _Rd_Byte
        __DELAYX (0)
    _ktd_clockwise_ring
        _ktd_ring (0)
            _WriteI2C_Int (1)
                _IIC_Start (2)
                    __DELAYX (3)
                _Wr_Byte (2)
                    __DELAYX (3)
                _checkAck (2)
                    __DELAYX (3)
                _IIC_Stop (2)
                    __DELAYX (3)
        _delay (0)
    _ktd_anticlockwise_ring
        _ktd_ring (0)
            _WriteI2C_Int (1)
                _IIC_Start (2)
                    __DELAYX (3)
                _Wr_Byte (2)
                    __DELAYX (3)
                _checkAck (2)
                    __DELAYX (3)
                _IIC_Stop (2)
                    __DELAYX (3)
        _delay (0)
    _ktd_breath
        _ktd_ctrl (0)
            _WriteI2C_Int (1)
                _IIC_Start (2)
                    __DELAYX (3)
                _Wr_Byte (2)
                    __DELAYX (3)
                _checkAck (2)
                    __DELAYX (3)
                _IIC_Stop (2)
                    __DELAYX (3)
            _delay (1)
        _delay (0)
        _ktd_ring (0)
            _WriteI2C_Int (1)
                _IIC_Start (2)
                    __DELAYX (3)
                _Wr_Byte (2)
                    __DELAYX (3)
                _checkAck (2)
                    __DELAYX (3)
                _IIC_Stop (2)
                    __DELAYX (3)
    _ktd_breath_battery
        _ktd_ring (0)
            _WriteI2C_Int (1)
                _IIC_Start (2)
                    __DELAYX (3)
                _Wr_Byte (2)
                    __DELAYX (3)
                _checkAck (2)
                    __DELAYX (3)
                _IIC_Stop (2)
                    __DELAYX (3)
    _RFReadBuf
        _SpiCSN_low (0)
        _SpiWrite (0)
        _SpiRead (0)
        _SpiCSN_high (0)
    _RFWriteFreq
        _SpiReadRegCMD (0)
            _SpiCSN_low (1)
            _SpiWrite (1)
            _SpiRead (1)
            _SpiCSN_high (1)
        _SpiWriteRegCMD (0)
            _SpiCSN_low (1)
            _SpiWrite (1)
            _SpiCSN_high (1)
        _Crom2Prom (0)
        _Crom2Prom (0)
    _ResetTXFIFO
        _SpiWriteStrobeCMD (0)
            _SpiCSN_low (1)
            _SpiWrite (1)
            _SpiCSN_high (1)
    _ResetRXFIFO
        _SpiWriteStrobeCMD (0)
            _SpiCSN_low (1)
            _SpiWrite (1)
            _SpiCSN_high (1)
    _EntryLightSleep
        _SpiWriteStrobeCMD (0)
            _SpiCSN_low (1)
            _SpiWrite (1)
            _SpiCSN_high (1)
    _EntryDeepSleep
        _SpiWriteStrobeCMD (0)
            _SpiCSN_low (1)
            _SpiWrite (1)
            _SpiCSN_high (1)
    _EntryIdleMode
        _SpiWriteStrobeCMD (0)
            _SpiCSN_low (1)
            _SpiWrite (1)
            _SpiCSN_high (1)
    _RF_TxCarrier
        _SpiReadRegCMD (0)
            _SpiCSN_low (1)
            _SpiWrite (1)
            _SpiRead (1)
            _SpiCSN_high (1)
        _SpiWriteRegCMD (0)
            _SpiCSN_low (1)
            _SpiWrite (1)
            _SpiCSN_high (1)
        _SpiWriteStrobeCMD (0)
            _SpiCSN_low (1)
            _SpiWrite (1)
            _SpiCSN_high (1)
        _RFXtalReady (0)
            _SpiReadRegCMD (1)
                _SpiCSN_low (2)
                _SpiWrite (2)
                _SpiRead (2)
                _SpiCSN_high (2)
    _RF_RxBER
        _SpiWriteStrobeCMD (0)
            _SpiCSN_low (1)
            _SpiWrite (1)
            _SpiCSN_high (1)
        _SpiReadRegCMD (0)
            _SpiCSN_low (1)
            _SpiWrite (1)
            _SpiRead (1)
            _SpiCSN_high (1)
        _SpiWriteRegCMD (0)
            _SpiCSN_low (1)
            _SpiWrite (1)
            _SpiCSN_high (1)
        _RFXtalReady (0)
            _SpiReadRegCMD (1)
                _SpiCSN_low (2)
                _SpiWrite (2)
                _SpiRead (2)
                _SpiCSN_high (2)
    _RF_WriteFreq
        _SpiReadRegCMD (0)
            _SpiCSN_low (1)
            _SpiWrite (1)
            _SpiRead (1)
            _SpiCSN_high (1)
        _SpiWriteRegCMD (0)
            _SpiCSN_low (1)
            _SpiWrite (1)
            _SpiCSN_high (1)
        _RFWriteBuf2 (0)
            _SpiCSN_low (1)
            _SpiWrite (1)
            _Crom2Prom (1)
            _SpiCSN_high (1)
    _RF_SetSniffPrm
        _RFWriteBuf2 (0)
            _SpiCSN_low (1)
            _SpiWrite (1)
            _Crom2Prom (1)
            _SpiCSN_high (1)
    _RF_SetAddr
        _RFWriteBuf2 (0)
            _SpiCSN_low (1)
            _SpiWrite (1)
            _Crom2Prom (1)
            _SpiCSN_high (1)
    _RF_EntryRxMode
        _SpiWriteStrobeCMD (0)
            _SpiCSN_low (1)
            _SpiWrite (1)
            _SpiCSN_high (1)
        _RFXtalReady (0)
            _SpiReadRegCMD (1)
                _SpiCSN_low (2)
                _SpiWrite (2)
                _SpiRead (2)
                _SpiCSN_high (2)
        _RFDisATR (0)
            _SpiReadRegCMD (1)
                _SpiCSN_low (2)
                _SpiWrite (2)
                _SpiRead (2)
                _SpiCSN_high (2)
            _SpiWriteRegCMD (1)
                _SpiCSN_low (2)
                _SpiWrite (2)
                _SpiCSN_high (2)
        _RFCalibration (0)
            _SpiReadRegCMD (1)
                _SpiCSN_low (2)
                _SpiWrite (2)
                _SpiRead (2)
                _SpiCSN_high (2)
            _SpiWriteRegCMD (1)
                _SpiCSN_low (2)
                _SpiWrite (2)
                _SpiCSN_high (2)
        _SpiWriteRegCMD (0)
            _SpiCSN_low (1)
            _SpiWrite (1)
            _SpiCSN_high (1)
    _RF_EntrySniffMode
        _SpiWriteStrobeCMD (0)
            _SpiCSN_low (1)
            _SpiWrite (1)
            _SpiCSN_high (1)
        _RFXtalReady (0)
            _SpiReadRegCMD (1)
                _SpiCSN_low (2)
                _SpiWrite (2)
                _SpiRead (2)
                _SpiCSN_high (2)
        _RFDisATR (0)
            _SpiReadRegCMD (1)
                _SpiCSN_low (2)
                _SpiWrite (2)
                _SpiRead (2)
                _SpiCSN_high (2)
            _SpiWriteRegCMD (1)
                _SpiCSN_low (2)
                _SpiWrite (2)
                _SpiCSN_high (2)
        _SpiReadRegCMD (0)
            _SpiCSN_low (1)
            _SpiWrite (1)
            _SpiRead (1)
            _SpiCSN_high (1)
        _SpiWriteRegCMD (0)
            _SpiCSN_low (1)
            _SpiWrite (1)
            _SpiCSN_high (1)
        _RFCalibration (0)
            _SpiReadRegCMD (1)
                _SpiCSN_low (2)
                _SpiWrite (2)
                _SpiRead (2)
                _SpiCSN_high (2)
            _SpiWriteRegCMD (1)
                _SpiCSN_low (2)
                _SpiWrite (2)
                _SpiCSN_high (2)
        _RFEnATR (0)
            _SpiReadRegCMD (1)
                _SpiCSN_low (2)
                _SpiWrite (2)
                _SpiRead (2)
                _SpiCSN_high (2)
            _SpiWriteRegCMD (1)
                _SpiCSN_low (2)
                _SpiWrite (2)
                _SpiCSN_high (2)
    _RF_EntryWOT_Mode
        _SpiWriteStrobeCMD (0)
            _SpiCSN_low (1)
            _SpiWrite (1)
            _SpiCSN_high (1)
        _RFXtalReady (0)
            _SpiReadRegCMD (1)
                _SpiCSN_low (2)
                _SpiWrite (2)
                _SpiRead (2)
                _SpiCSN_high (2)
        _RFDisATR (0)
            _SpiReadRegCMD (1)
                _SpiCSN_low (2)
                _SpiWrite (2)
                _SpiRead (2)
                _SpiCSN_high (2)
            _SpiWriteRegCMD (1)
                _SpiCSN_low (2)
                _SpiWrite (2)
                _SpiCSN_high (2)
        _SpiReadRegCMD (0)
            _SpiCSN_low (1)
            _SpiWrite (1)
            _SpiRead (1)
            _SpiCSN_high (1)
        _SpiWriteRegCMD (0)
            _SpiCSN_low (1)
            _SpiWrite (1)
            _SpiCSN_high (1)
        _RFCalibration (0)
            _SpiReadRegCMD (1)
                _SpiCSN_low (2)
                _SpiWrite (2)
                _SpiRead (2)
                _SpiCSN_high (2)
            _SpiWriteRegCMD (1)
                _SpiCSN_low (2)
                _SpiWrite (2)
                _SpiCSN_high (2)
        _RFEnATR (0)
            _SpiReadRegCMD (1)
                _SpiCSN_low (2)
                _SpiWrite (2)
                _SpiRead (2)
                _SpiCSN_high (2)
            _SpiWriteRegCMD (1)
                _SpiCSN_low (2)
                _SpiWrite (2)
                _SpiCSN_high (2)
    _RF_SendData
        _SpiWriteStrobeCMD (0)
            _SpiCSN_low (1)
            _SpiWrite (1)
            _SpiCSN_high (1)
        _RFXtalReady (0)
            _SpiReadRegCMD (1)
                _SpiCSN_low (2)
                _SpiWrite (2)
                _SpiRead (2)
                _SpiCSN_high (2)
        _RFDisATR (0)
            _SpiReadRegCMD (1)
                _SpiCSN_low (2)
                _SpiWrite (2)
                _SpiRead (2)
                _SpiCSN_high (2)
            _SpiWriteRegCMD (1)
                _SpiCSN_low (2)
                _SpiWrite (2)
                _SpiCSN_high (2)
        _RFCalibration (0)
            _SpiReadRegCMD (1)
                _SpiCSN_low (2)
                _SpiWrite (2)
                _SpiRead (2)
                _SpiCSN_high (2)
            _SpiWriteRegCMD (1)
                _SpiCSN_low (2)
                _SpiWrite (2)
                _SpiCSN_high (2)
        _SpiWriteRegCMD (0)
            _SpiCSN_low (1)
            _SpiWrite (1)
            _SpiCSN_high (1)
        _WriteFIFO (0)
            _SpiCSN_low (1)
            _SpiWrite (1)
            _Crom2Prom (1)
            _SpiCSN_high (1)
    _RF_ResendData
        _SpiWriteStrobeCMD (0)
            _SpiCSN_low (1)
            _SpiWrite (1)
            _SpiCSN_high (1)
        _RFXtalReady (0)
            _SpiReadRegCMD (1)
                _SpiCSN_low (2)
                _SpiWrite (2)
                _SpiRead (2)
                _SpiCSN_high (2)
    _RF_ReadRxData
        _ReadFIFO (0)
            _SpiCSN_low (1)
            _SpiWrite (1)
            _SpiRead (1)
            _SpiCSN_high (1)
        _SpiWriteStrobeCMD (0)
            _SpiCSN_low (1)
            _SpiWrite (1)
            _SpiCSN_high (1)
    _RFReadRssi
        _SpiReadRegCMD (0)
            _SpiCSN_low (1)
            _SpiWrite (1)
            _SpiRead (1)
            _SpiCSN_high (1)
    _Extend_FIFO_Disable
        _SpiReadRegCMD (0)
            _SpiCSN_low (1)
            _SpiWrite (1)
            _SpiRead (1)
            _SpiCSN_high (1)
        _SpiWriteRegCMD (0)
            _SpiCSN_low (1)
            _SpiWrite (1)
            _SpiCSN_high (1)
    _RFEnARK
        _SpiReadRegCMD (0)
            _SpiCSN_low (1)
            _SpiWrite (1)
            _SpiRead (1)
            _SpiCSN_high (1)
        _SpiWriteRegCMD (0)
            _SpiCSN_low (1)
            _SpiWrite (1)
            _SpiCSN_high (1)
    _RFDisARK
        _SpiReadRegCMD (0)
            _SpiCSN_low (1)
            _SpiWrite (1)
            _SpiRead (1)
            _SpiCSN_high (1)
        _SpiWriteRegCMD (0)
            _SpiCSN_low (1)
            _SpiWrite (1)
            _SpiCSN_high (1)
    _CRC16_CCITT_FALSE
        _Crom2Prom (0)
    _RF_Process_Init
        _Sys_init (0)
            _fun_RamInit (1)
        _RF_Init (0)
            _SpiIOInti (1)
            _SpiWriteStrobeCMD (1)
                _SpiCSN_low (2)
                _SpiWrite (2)
                _SpiCSN_high (2)
            _ResetLvRF (1)
                _SpiReadRegCMD (2)
                    _SpiCSN_low (3)
                    _SpiWrite (3)
                    _SpiRead (3)
                    _SpiCSN_high (3)
                _SpiWriteRegCMD (2)
                    _SpiCSN_low (3)
                    _SpiWrite (3)
                    _SpiCSN_high (3)
            _BC3602_Config (1)
                _Crom2Prom (2)
                _Crom2Prom (2)
                _SpiWriteRegCMD (2)
                    _SpiCSN_low (3)
                    _SpiWrite (3)
                    _SpiCSN_high (3)
                _SpiWriteStrobeCMD (2)
                    _SpiCSN_low (3)
                    _SpiWrite (3)
                    _SpiCSN_high (3)
            _RFWriteSyncword (1)
                _RFWriteBuf (2)
                    _SpiCSN_low (3)
                    _SpiWrite (3)
                    _Crom2Prom (3)
                    _SpiCSN_high (3)
            _RFWriteFreqTABLE (1)
                _SpiReadRegCMD (2)
                    _SpiCSN_low (3)
                    _SpiWrite (3)
                    _SpiRead (3)
                    _SpiCSN_high (3)
                _SpiWriteRegCMD (2)
                    _SpiCSN_low (3)
                    _SpiWrite (3)
                    _SpiCSN_high (3)
                _Crom2Prom (2)
                _Crom2Prom (2)
            _RFSetDRPram (1)
                _SpiWriteStrobeCMD (2)
                    _SpiCSN_low (3)
                    _SpiWrite (3)
                    _SpiCSN_high (3)
                _Crom2Prom (2)
                _Crom2Prom (2)
                _SpiWriteRegCMD (2)
                    _SpiCSN_low (3)
                    _SpiWrite (3)
                    _SpiCSN_high (3)
            _RFSetPower (1)
                _Crom2Prom (2)
                _SpiWriteRegCMD (2)
                    _SpiCSN_low (3)
                    _SpiWrite (3)
                    _SpiCSN_high (3)
            _RFXtalReady (1)
                _SpiReadRegCMD (2)
                    _SpiCSN_low (3)
                    _SpiWrite (3)
                    _SpiRead (3)
                    _SpiCSN_high (3)
            _RFCalibration (1)
                _SpiReadRegCMD (2)
                    _SpiCSN_low (3)
                    _SpiWrite (3)
                    _SpiRead (3)
                    _SpiCSN_high (3)
                _SpiWriteRegCMD (2)
                    _SpiCSN_low (3)
                    _SpiWrite (3)
                    _SpiCSN_high (3)
            _LircCalibration (1)
                _SpiReadRegCMD (2)
                    _SpiCSN_low (3)
                    _SpiWrite (3)
                    _SpiRead (3)
                    _SpiCSN_high (3)
                _SpiWriteRegCMD (2)
                    _SpiCSN_low (3)
                    _SpiWrite (3)
                    _SpiCSN_high (3)
            _RFGetClrRFIrq (1)
                _SpiReadRegCMD (2)
                    _SpiCSN_low (3)
                    _SpiWrite (3)
                    _SpiRead (3)
                    _SpiCSN_high (3)
                _SpiWriteRegCMD (2)
                    _SpiCSN_low (3)
                    _SpiWrite (3)
                    _SpiCSN_high (3)
        _RF_Parameter_loading (0)
            _SpiWriteStrobeCMD (1)
                _SpiCSN_low (2)
                _SpiWrite (2)
                _SpiCSN_high (2)
            _RFReadBuf2 (1)
                _SpiCSN_low (2)
                _SpiWrite (2)
                _SpiRead (2)
                _SpiCSN_high (2)
            _SpiReadRegCMD (1)
                _SpiCSN_low (2)
                _SpiWrite (2)
                _SpiRead (2)
                _SpiCSN_high (2)
    @dummy28
        _TB0_proc (0)
    _KEY_Process
        _DATA_Process (0)
            _uart_printf (1)
            _Crom2Prom (1)
            _uart_send (1)
        _uart_printf (0)
    _eepromDeviceAddrCpyAckRead
        _eeprom_read (0)
            _delay (1)
    _eepromDeviceAddrCpyAckWrite
        _eeprom_write (0)
        _uart_printf (0)

HLINK: Program entry point at section '@code' (address 0) of file 'c:\users\user\documents\htk_project\qbell_master_mb_v1_2_f10\Output\MAIN.OBJ'

Total 0 error(s), Total 0 Warning(s)
